<?xml version="1.0" encoding="ISO-8859-1" ?>
<link_info>
   <banner>TI ARM Clang Linker PC v4.0.0.LTS</banner>
   <copyright>Copyright (c) 1996-2018 Texas Instruments Incorporated</copyright>
   <command_line>C:\ti\ccstheia151\ccs\tools\compiler\ti-cgt-armllvm_4.0.0.LTS\bin\tiarmlnk -IC:\ti\ccstheia151\ccs\tools\compiler\ti-cgt-armllvm_4.0.0.LTS\lib -o CarMove_USART.out -mCarMove_USART.map -iC:/ti/mspm0_sdk_2_02_00_05/source -iD:/3.Workplace/K230/MSPM0/CarMove_USART/Debug/syscfg -iC:/ti/ccstheia151/ccs/tools/compiler/ti-cgt-armllvm_4.0.0.LTS/lib --diag_wrap=off --display_error_number --warn_sections --xml_link_info=CarMove_USART_linkInfo.xml --rom_model ./empty.o ./syscfg/ti_msp_dl_config.o ./startup_mspm0g350x_ticlang.o ./BSP/app_motor_usart.o ./BSP/bsp_motor_usart.o ./BSP/delay.o ./BSP/usart.o -lsyscfg/device_linker.cmd -ldevice.cmd.genlibs -llibc.a --start-group -llibc++.a -llibc++abi.a -llibc.a -llibsys.a -llibsysbm.a -llibclang_rt.builtins.a -llibclang_rt.profile.a --end-group --cg_opt_level=2</command_line>
   <link_time>0x67f914a3</link_time>
   <link_errors>0x0</link_errors>
   <output_file>D:\3.Workplace\K230\MSPM0\CarMove_USART\Debug\CarMove_USART.out</output_file>
   <entry_point>
      <name>_c_int00_noargs</name>
      <address>0x39b5</address>
   </entry_point>
   <input_file_list>
      <input_file id="fl-1">
         <path>D:\3.Workplace\K230\MSPM0\CarMove_USART\Debug\.\</path>
         <kind>object</kind>
         <file>empty.o</file>
         <name>empty.o</name>
      </input_file>
      <input_file id="fl-2">
         <path>D:\3.Workplace\K230\MSPM0\CarMove_USART\Debug\.\syscfg\</path>
         <kind>object</kind>
         <file>ti_msp_dl_config.o</file>
         <name>ti_msp_dl_config.o</name>
      </input_file>
      <input_file id="fl-3">
         <path>D:\3.Workplace\K230\MSPM0\CarMove_USART\Debug\.\</path>
         <kind>object</kind>
         <file>startup_mspm0g350x_ticlang.o</file>
         <name>startup_mspm0g350x_ticlang.o</name>
      </input_file>
      <input_file id="fl-4">
         <path>D:\3.Workplace\K230\MSPM0\CarMove_USART\Debug\.\BSP\</path>
         <kind>object</kind>
         <file>app_motor_usart.o</file>
         <name>app_motor_usart.o</name>
      </input_file>
      <input_file id="fl-5">
         <path>D:\3.Workplace\K230\MSPM0\CarMove_USART\Debug\.\BSP\</path>
         <kind>object</kind>
         <file>bsp_motor_usart.o</file>
         <name>bsp_motor_usart.o</name>
      </input_file>
      <input_file id="fl-6">
         <path>D:\3.Workplace\K230\MSPM0\CarMove_USART\Debug\.\BSP\</path>
         <kind>object</kind>
         <file>delay.o</file>
         <name>delay.o</name>
      </input_file>
      <input_file id="fl-7">
         <path>D:\3.Workplace\K230\MSPM0\CarMove_USART\Debug\.\BSP\</path>
         <kind>object</kind>
         <file>usart.o</file>
         <name>usart.o</name>
      </input_file>
      <input_file id="fl-14">
         <path>D:\3.Workplace\K230\MSPM0\CarMove_USART\Debug\</path>
         <kind>object</kind>
         <file>&lt;internal&gt;</file>
         <name>&lt;internal&gt;</name>
      </input_file>
      <input_file id="fl-15">
         <path>C:\ti\mspm0_sdk_2_02_00_05\source\ti\driverlib\lib\ticlang\m0p\mspm0g1x0x_g3x0x\</path>
         <kind>archive</kind>
         <file>driverlib.a</file>
         <name>dl_common.o</name>
      </input_file>
      <input_file id="fl-16">
         <path>C:\ti\mspm0_sdk_2_02_00_05\source\ti\driverlib\lib\ticlang\m0p\mspm0g1x0x_g3x0x\</path>
         <kind>archive</kind>
         <file>driverlib.a</file>
         <name>dl_timer.o</name>
      </input_file>
      <input_file id="fl-17">
         <path>C:\ti\mspm0_sdk_2_02_00_05\source\ti\driverlib\lib\ticlang\m0p\mspm0g1x0x_g3x0x\</path>
         <kind>archive</kind>
         <file>driverlib.a</file>
         <name>dl_uart.o</name>
      </input_file>
      <input_file id="fl-2c">
         <path>C:\ti\ccstheia151\ccs\tools\compiler\ti-cgt-armllvm_4.0.0.LTS\lib\armv6m-ti-none-eabi\c\</path>
         <kind>archive</kind>
         <file>libc.a</file>
         <name>printf.c.obj</name>
      </input_file>
      <input_file id="fl-2d">
         <path>C:\ti\ccstheia151\ccs\tools\compiler\ti-cgt-armllvm_4.0.0.LTS\lib\armv6m-ti-none-eabi\c\</path>
         <kind>archive</kind>
         <file>libc.a</file>
         <name>_printfi.c.obj</name>
      </input_file>
      <input_file id="fl-2e">
         <path>C:\ti\ccstheia151\ccs\tools\compiler\ti-cgt-armllvm_4.0.0.LTS\lib\armv6m-ti-none-eabi\c\</path>
         <kind>archive</kind>
         <file>libc.a</file>
         <name>sprintf.c.obj</name>
      </input_file>
      <input_file id="fl-2f">
         <path>C:\ti\ccstheia151\ccs\tools\compiler\ti-cgt-armllvm_4.0.0.LTS\lib\armv6m-ti-none-eabi\c\</path>
         <kind>archive</kind>
         <file>libc.a</file>
         <name>fputs.c.obj</name>
      </input_file>
      <input_file id="fl-30">
         <path>C:\ti\ccstheia151\ccs\tools\compiler\ti-cgt-armllvm_4.0.0.LTS\lib\armv6m-ti-none-eabi\c\</path>
         <kind>archive</kind>
         <file>libc.a</file>
         <name>_io_perm.c.obj</name>
      </input_file>
      <input_file id="fl-31">
         <path>C:\ti\ccstheia151\ccs\tools\compiler\ti-cgt-armllvm_4.0.0.LTS\lib\armv6m-ti-none-eabi\c\</path>
         <kind>archive</kind>
         <file>libc.a</file>
         <name>setvbuf.c.obj</name>
      </input_file>
      <input_file id="fl-32">
         <path>C:\ti\ccstheia151\ccs\tools\compiler\ti-cgt-armllvm_4.0.0.LTS\lib\armv6m-ti-none-eabi\c\</path>
         <kind>archive</kind>
         <file>libc.a</file>
         <name>wcslen.c.obj</name>
      </input_file>
      <input_file id="fl-33">
         <path>C:\ti\ccstheia151\ccs\tools\compiler\ti-cgt-armllvm_4.0.0.LTS\lib\armv6m-ti-none-eabi\c\</path>
         <kind>archive</kind>
         <file>libc.a</file>
         <name>s_frexp.c.obj</name>
      </input_file>
      <input_file id="fl-34">
         <path>C:\ti\ccstheia151\ccs\tools\compiler\ti-cgt-armllvm_4.0.0.LTS\lib\armv6m-ti-none-eabi\c\</path>
         <kind>archive</kind>
         <file>libc.a</file>
         <name>s_scalbn.c.obj</name>
      </input_file>
      <input_file id="fl-35">
         <path>C:\ti\ccstheia151\ccs\tools\compiler\ti-cgt-armllvm_4.0.0.LTS\lib\armv6m-ti-none-eabi\c\</path>
         <kind>archive</kind>
         <file>libc.a</file>
         <name>aeabi_portable.c.obj</name>
      </input_file>
      <input_file id="fl-36">
         <path>C:\ti\ccstheia151\ccs\tools\compiler\ti-cgt-armllvm_4.0.0.LTS\lib\armv6m-ti-none-eabi\c\</path>
         <kind>archive</kind>
         <file>libc.a</file>
         <name>exit.c.obj</name>
      </input_file>
      <input_file id="fl-37">
         <path>C:\ti\ccstheia151\ccs\tools\compiler\ti-cgt-armllvm_4.0.0.LTS\lib\armv6m-ti-none-eabi\c\</path>
         <kind>archive</kind>
         <file>libc.a</file>
         <name>_lock.c.obj</name>
      </input_file>
      <input_file id="fl-38">
         <path>C:\ti\ccstheia151\ccs\tools\compiler\ti-cgt-armllvm_4.0.0.LTS\lib\armv6m-ti-none-eabi\c\</path>
         <kind>archive</kind>
         <file>libc.a</file>
         <name>_ltoa.c.obj</name>
      </input_file>
      <input_file id="fl-39">
         <path>C:\ti\ccstheia151\ccs\tools\compiler\ti-cgt-armllvm_4.0.0.LTS\lib\armv6m-ti-none-eabi\c\</path>
         <kind>archive</kind>
         <file>libc.a</file>
         <name>assert.c.obj</name>
      </input_file>
      <input_file id="fl-3a">
         <path>C:\ti\ccstheia151\ccs\tools\compiler\ti-cgt-armllvm_4.0.0.LTS\lib\armv6m-ti-none-eabi\c\</path>
         <kind>archive</kind>
         <file>libc.a</file>
         <name>atoi.c.obj</name>
      </input_file>
      <input_file id="fl-3b">
         <path>C:\ti\ccstheia151\ccs\tools\compiler\ti-cgt-armllvm_4.0.0.LTS\lib\armv6m-ti-none-eabi\c\</path>
         <kind>archive</kind>
         <file>libc.a</file>
         <name>defs.c.obj</name>
      </input_file>
      <input_file id="fl-3c">
         <path>C:\ti\ccstheia151\ccs\tools\compiler\ti-cgt-armllvm_4.0.0.LTS\lib\armv6m-ti-none-eabi\c\</path>
         <kind>archive</kind>
         <file>libc.a</file>
         <name>memccpy.c.obj</name>
      </input_file>
      <input_file id="fl-3d">
         <path>C:\ti\ccstheia151\ccs\tools\compiler\ti-cgt-armllvm_4.0.0.LTS\lib\armv6m-ti-none-eabi\c\</path>
         <kind>archive</kind>
         <file>libc.a</file>
         <name>memory.c.obj</name>
      </input_file>
      <input_file id="fl-3e">
         <path>C:\ti\ccstheia151\ccs\tools\compiler\ti-cgt-armllvm_4.0.0.LTS\lib\armv6m-ti-none-eabi\c\</path>
         <kind>archive</kind>
         <file>libc.a</file>
         <name>strtod.c.obj</name>
      </input_file>
      <input_file id="fl-3f">
         <path>C:\ti\ccstheia151\ccs\tools\compiler\ti-cgt-armllvm_4.0.0.LTS\lib\armv6m-ti-none-eabi\c\</path>
         <kind>archive</kind>
         <file>libc.a</file>
         <name>strtok.c.obj</name>
      </input_file>
      <input_file id="fl-40">
         <path>C:\ti\ccstheia151\ccs\tools\compiler\ti-cgt-armllvm_4.0.0.LTS\lib\armv6m-ti-none-eabi\c\</path>
         <kind>archive</kind>
         <file>libc.a</file>
         <name>boot_cortex_m.c.obj</name>
      </input_file>
      <input_file id="fl-41">
         <path>C:\ti\ccstheia151\ccs\tools\compiler\ti-cgt-armllvm_4.0.0.LTS\lib\armv6m-ti-none-eabi\c\</path>
         <kind>archive</kind>
         <file>libc.a</file>
         <name>mathacl_init.c.obj</name>
      </input_file>
      <input_file id="fl-42">
         <path>C:\ti\ccstheia151\ccs\tools\compiler\ti-cgt-armllvm_4.0.0.LTS\lib\armv6m-ti-none-eabi\c\</path>
         <kind>archive</kind>
         <file>libc.a</file>
         <name>autoinit.c.obj</name>
      </input_file>
      <input_file id="fl-43">
         <path>C:\ti\ccstheia151\ccs\tools\compiler\ti-cgt-armllvm_4.0.0.LTS\lib\armv6m-ti-none-eabi\c\</path>
         <kind>archive</kind>
         <file>libc.a</file>
         <name>pre_init.c.obj</name>
      </input_file>
      <input_file id="fl-44">
         <path>C:\ti\ccstheia151\ccs\tools\compiler\ti-cgt-armllvm_4.0.0.LTS\lib\armv6m-ti-none-eabi\c\</path>
         <kind>archive</kind>
         <file>libc.a</file>
         <name>cpy_tbl.c.obj</name>
      </input_file>
      <input_file id="fl-45">
         <path>C:\ti\ccstheia151\ccs\tools\compiler\ti-cgt-armllvm_4.0.0.LTS\lib\armv6m-ti-none-eabi\c\</path>
         <kind>archive</kind>
         <file>libc.a</file>
         <name>copy_zero_init.c.obj</name>
      </input_file>
      <input_file id="fl-46">
         <path>C:\ti\ccstheia151\ccs\tools\compiler\ti-cgt-armllvm_4.0.0.LTS\lib\armv6m-ti-none-eabi\c\</path>
         <kind>archive</kind>
         <file>libc.a</file>
         <name>copy_decompress_none.c.obj</name>
      </input_file>
      <input_file id="fl-47">
         <path>C:\ti\ccstheia151\ccs\tools\compiler\ti-cgt-armllvm_4.0.0.LTS\lib\armv6m-ti-none-eabi\c\</path>
         <kind>archive</kind>
         <file>libc.a</file>
         <name>copy_decompress_lzss.c.obj</name>
      </input_file>
      <input_file id="fl-48">
         <path>C:\ti\ccstheia151\ccs\tools\compiler\ti-cgt-armllvm_4.0.0.LTS\lib\armv6m-ti-none-eabi\c\</path>
         <kind>archive</kind>
         <file>libc.a</file>
         <name>fflush.c.obj</name>
      </input_file>
      <input_file id="fl-49">
         <path>C:\ti\ccstheia151\ccs\tools\compiler\ti-cgt-armllvm_4.0.0.LTS\lib\armv6m-ti-none-eabi\c\</path>
         <kind>archive</kind>
         <file>libc.a</file>
         <name>fopen.c.obj</name>
      </input_file>
      <input_file id="fl-4a">
         <path>C:\ti\ccstheia151\ccs\tools\compiler\ti-cgt-armllvm_4.0.0.LTS\lib\armv6m-ti-none-eabi\c\</path>
         <kind>archive</kind>
         <file>libc.a</file>
         <name>fseek.c.obj</name>
      </input_file>
      <input_file id="fl-4b">
         <path>C:\ti\ccstheia151\ccs\tools\compiler\ti-cgt-armllvm_4.0.0.LTS\lib\armv6m-ti-none-eabi\c\</path>
         <kind>archive</kind>
         <file>libc.a</file>
         <name>aeabi_ctype.S.obj</name>
      </input_file>
      <input_file id="fl-4c">
         <path>C:\ti\ccstheia151\ccs\tools\compiler\ti-cgt-armllvm_4.0.0.LTS\lib\armv6m-ti-none-eabi\c\</path>
         <kind>archive</kind>
         <file>libc.a</file>
         <name>args_main.c.obj</name>
      </input_file>
      <input_file id="fl-4d">
         <path>C:\ti\ccstheia151\ccs\tools\compiler\ti-cgt-armllvm_4.0.0.LTS\lib\armv6m-ti-none-eabi\c\</path>
         <kind>archive</kind>
         <file>libc.a</file>
         <name>strcspn.c.obj</name>
      </input_file>
      <input_file id="fl-4e">
         <path>C:\ti\ccstheia151\ccs\tools\compiler\ti-cgt-armllvm_4.0.0.LTS\lib\armv6m-ti-none-eabi\c\</path>
         <kind>archive</kind>
         <file>libc.a</file>
         <name>strspn.c.obj</name>
      </input_file>
      <input_file id="fl-4f">
         <path>C:\ti\ccstheia151\ccs\tools\compiler\ti-cgt-armllvm_4.0.0.LTS\lib\armv6m-ti-none-eabi\c\</path>
         <kind>archive</kind>
         <file>libc.a</file>
         <name>fclose.c.obj</name>
      </input_file>
      <input_file id="fl-e5">
         <path>C:\ti\ccstheia151\ccs\tools\compiler\ti-cgt-armllvm_4.0.0.LTS\lib\armv6m-ti-none-eabi\c\</path>
         <kind>archive</kind>
         <file>libsysbm.a</file>
         <name>write.c.obj</name>
      </input_file>
      <input_file id="fl-e6">
         <path>C:\ti\ccstheia151\ccs\tools\compiler\ti-cgt-armllvm_4.0.0.LTS\lib\armv6m-ti-none-eabi\c\</path>
         <kind>archive</kind>
         <file>libsysbm.a</file>
         <name>host_device.c.obj</name>
      </input_file>
      <input_file id="fl-e7">
         <path>C:\ti\ccstheia151\ccs\tools\compiler\ti-cgt-armllvm_4.0.0.LTS\lib\armv6m-ti-none-eabi\c\</path>
         <kind>archive</kind>
         <file>libsysbm.a</file>
         <name>remove.c.obj</name>
      </input_file>
      <input_file id="fl-e8">
         <path>C:\ti\ccstheia151\ccs\tools\compiler\ti-cgt-armllvm_4.0.0.LTS\lib\armv6m-ti-none-eabi\c\</path>
         <kind>archive</kind>
         <file>libsysbm.a</file>
         <name>open.c.obj</name>
      </input_file>
      <input_file id="fl-e9">
         <path>C:\ti\ccstheia151\ccs\tools\compiler\ti-cgt-armllvm_4.0.0.LTS\lib\armv6m-ti-none-eabi\c\</path>
         <kind>archive</kind>
         <file>libsysbm.a</file>
         <name>lseek.c.obj</name>
      </input_file>
      <input_file id="fl-ea">
         <path>C:\ti\ccstheia151\ccs\tools\compiler\ti-cgt-armllvm_4.0.0.LTS\lib\armv6m-ti-none-eabi\c\</path>
         <kind>archive</kind>
         <file>libsysbm.a</file>
         <name>close.c.obj</name>
      </input_file>
      <input_file id="fl-eb">
         <path>C:\ti\ccstheia151\ccs\tools\compiler\ti-cgt-armllvm_4.0.0.LTS\lib\armv6m-ti-none-eabi\c\</path>
         <kind>archive</kind>
         <file>libsysbm.a</file>
         <name>unlink.c.obj</name>
      </input_file>
      <input_file id="fl-ec">
         <path>C:\ti\ccstheia151\ccs\tools\compiler\ti-cgt-armllvm_4.0.0.LTS\lib\armv6m-ti-none-eabi\c\</path>
         <kind>archive</kind>
         <file>libsysbm.a</file>
         <name>hostclose.c.obj</name>
      </input_file>
      <input_file id="fl-ed">
         <path>C:\ti\ccstheia151\ccs\tools\compiler\ti-cgt-armllvm_4.0.0.LTS\lib\armv6m-ti-none-eabi\c\</path>
         <kind>archive</kind>
         <file>libsysbm.a</file>
         <name>hostlseek.c.obj</name>
      </input_file>
      <input_file id="fl-ee">
         <path>C:\ti\ccstheia151\ccs\tools\compiler\ti-cgt-armllvm_4.0.0.LTS\lib\armv6m-ti-none-eabi\c\</path>
         <kind>archive</kind>
         <file>libsysbm.a</file>
         <name>hostopen.c.obj</name>
      </input_file>
      <input_file id="fl-ef">
         <path>C:\ti\ccstheia151\ccs\tools\compiler\ti-cgt-armllvm_4.0.0.LTS\lib\armv6m-ti-none-eabi\c\</path>
         <kind>archive</kind>
         <file>libsysbm.a</file>
         <name>hostread.c.obj</name>
      </input_file>
      <input_file id="fl-f0">
         <path>C:\ti\ccstheia151\ccs\tools\compiler\ti-cgt-armllvm_4.0.0.LTS\lib\armv6m-ti-none-eabi\c\</path>
         <kind>archive</kind>
         <file>libsysbm.a</file>
         <name>hostrename.c.obj</name>
      </input_file>
      <input_file id="fl-f1">
         <path>C:\ti\ccstheia151\ccs\tools\compiler\ti-cgt-armllvm_4.0.0.LTS\lib\armv6m-ti-none-eabi\c\</path>
         <kind>archive</kind>
         <file>libsysbm.a</file>
         <name>hostunlink.c.obj</name>
      </input_file>
      <input_file id="fl-f2">
         <path>C:\ti\ccstheia151\ccs\tools\compiler\ti-cgt-armllvm_4.0.0.LTS\lib\armv6m-ti-none-eabi\c\</path>
         <kind>archive</kind>
         <file>libsysbm.a</file>
         <name>hostwrite.c.obj</name>
      </input_file>
      <input_file id="fl-f3">
         <path>C:\ti\ccstheia151\ccs\tools\compiler\ti-cgt-armllvm_4.0.0.LTS\lib\armv6m-ti-none-eabi\c\</path>
         <kind>archive</kind>
         <file>libsysbm.a</file>
         <name>trgmsg.c.obj</name>
      </input_file>
      <input_file id="fl-f4">
         <path>C:\ti\ccstheia151\ccs\tools\compiler\ti-cgt-armllvm_4.0.0.LTS\lib\armv6m-ti-none-eabi\</path>
         <kind>archive</kind>
         <file>libclang_rt.builtins.a</file>
         <name>adddf3.S.obj</name>
      </input_file>
      <input_file id="fl-f5">
         <path>C:\ti\ccstheia151\ccs\tools\compiler\ti-cgt-armllvm_4.0.0.LTS\lib\armv6m-ti-none-eabi\</path>
         <kind>archive</kind>
         <file>libclang_rt.builtins.a</file>
         <name>muldf3.S.obj</name>
      </input_file>
      <input_file id="fl-f6">
         <path>C:\ti\ccstheia151\ccs\tools\compiler\ti-cgt-armllvm_4.0.0.LTS\lib\armv6m-ti-none-eabi\</path>
         <kind>archive</kind>
         <file>libclang_rt.builtins.a</file>
         <name>muldsi3.S.obj</name>
      </input_file>
      <input_file id="fl-f7">
         <path>C:\ti\ccstheia151\ccs\tools\compiler\ti-cgt-armllvm_4.0.0.LTS\lib\armv6m-ti-none-eabi\</path>
         <kind>archive</kind>
         <file>libclang_rt.builtins.a</file>
         <name>divdf3.S.obj</name>
      </input_file>
      <input_file id="fl-f8">
         <path>C:\ti\ccstheia151\ccs\tools\compiler\ti-cgt-armllvm_4.0.0.LTS\lib\armv6m-ti-none-eabi\</path>
         <kind>archive</kind>
         <file>libclang_rt.builtins.a</file>
         <name>extendsfdf2.S.obj</name>
      </input_file>
      <input_file id="fl-f9">
         <path>C:\ti\ccstheia151\ccs\tools\compiler\ti-cgt-armllvm_4.0.0.LTS\lib\armv6m-ti-none-eabi\</path>
         <kind>archive</kind>
         <file>libclang_rt.builtins.a</file>
         <name>fixdfsi.S.obj</name>
      </input_file>
      <input_file id="fl-fa">
         <path>C:\ti\ccstheia151\ccs\tools\compiler\ti-cgt-armllvm_4.0.0.LTS\lib\armv6m-ti-none-eabi\</path>
         <kind>archive</kind>
         <file>libclang_rt.builtins.a</file>
         <name>floatsidf.S.obj</name>
      </input_file>
      <input_file id="fl-fb">
         <path>C:\ti\ccstheia151\ccs\tools\compiler\ti-cgt-armllvm_4.0.0.LTS\lib\armv6m-ti-none-eabi\</path>
         <kind>archive</kind>
         <file>libclang_rt.builtins.a</file>
         <name>muldi3.S.obj</name>
      </input_file>
      <input_file id="fl-fc">
         <path>C:\ti\ccstheia151\ccs\tools\compiler\ti-cgt-armllvm_4.0.0.LTS\lib\armv6m-ti-none-eabi\</path>
         <kind>archive</kind>
         <file>libclang_rt.builtins.a</file>
         <name>truncdfsf2.S.obj</name>
      </input_file>
      <input_file id="fl-fd">
         <path>C:\ti\ccstheia151\ccs\tools\compiler\ti-cgt-armllvm_4.0.0.LTS\lib\armv6m-ti-none-eabi\</path>
         <kind>archive</kind>
         <file>libclang_rt.builtins.a</file>
         <name>aeabi_dcmp.S.obj</name>
      </input_file>
      <input_file id="fl-fe">
         <path>C:\ti\ccstheia151\ccs\tools\compiler\ti-cgt-armllvm_4.0.0.LTS\lib\armv6m-ti-none-eabi\</path>
         <kind>archive</kind>
         <file>libclang_rt.builtins.a</file>
         <name>aeabi_idivmod.S.obj</name>
      </input_file>
      <input_file id="fl-ff">
         <path>C:\ti\ccstheia151\ccs\tools\compiler\ti-cgt-armllvm_4.0.0.LTS\lib\armv6m-ti-none-eabi\</path>
         <kind>archive</kind>
         <file>libclang_rt.builtins.a</file>
         <name>aeabi_memcpy.S.obj</name>
      </input_file>
      <input_file id="fl-100">
         <path>C:\ti\ccstheia151\ccs\tools\compiler\ti-cgt-armllvm_4.0.0.LTS\lib\armv6m-ti-none-eabi\</path>
         <kind>archive</kind>
         <file>libclang_rt.builtins.a</file>
         <name>aeabi_memset.S.obj</name>
      </input_file>
      <input_file id="fl-101">
         <path>C:\ti\ccstheia151\ccs\tools\compiler\ti-cgt-armllvm_4.0.0.LTS\lib\armv6m-ti-none-eabi\</path>
         <kind>archive</kind>
         <file>libclang_rt.builtins.a</file>
         <name>aeabi_uidivmod.S.obj</name>
      </input_file>
      <input_file id="fl-102">
         <path>C:\ti\ccstheia151\ccs\tools\compiler\ti-cgt-armllvm_4.0.0.LTS\lib\armv6m-ti-none-eabi\</path>
         <kind>archive</kind>
         <file>libclang_rt.builtins.a</file>
         <name>aeabi_uldivmod.S.obj</name>
      </input_file>
      <input_file id="fl-103">
         <path>C:\ti\ccstheia151\ccs\tools\compiler\ti-cgt-armllvm_4.0.0.LTS\lib\armv6m-ti-none-eabi\</path>
         <kind>archive</kind>
         <file>libclang_rt.builtins.a</file>
         <name>udivmoddi4.S.obj</name>
      </input_file>
      <input_file id="fl-104">
         <path>C:\ti\ccstheia151\ccs\tools\compiler\ti-cgt-armllvm_4.0.0.LTS\lib\armv6m-ti-none-eabi\</path>
         <kind>archive</kind>
         <file>libclang_rt.builtins.a</file>
         <name>ashldi3.S.obj</name>
      </input_file>
      <input_file id="fl-105">
         <path>C:\ti\ccstheia151\ccs\tools\compiler\ti-cgt-armllvm_4.0.0.LTS\lib\armv6m-ti-none-eabi\</path>
         <kind>archive</kind>
         <file>libclang_rt.builtins.a</file>
         <name>comparedf2.c.obj</name>
      </input_file>
      <input_file id="fl-106">
         <path>C:\ti\ccstheia151\ccs\tools\compiler\ti-cgt-armllvm_4.0.0.LTS\lib\armv6m-ti-none-eabi\</path>
         <kind>archive</kind>
         <file>libclang_rt.builtins.a</file>
         <name>aeabi_div0.c.obj</name>
      </input_file>
      <input_file id="fl-107">
         <path>C:\ti\ccstheia151\ccs\tools\compiler\ti-cgt-armllvm_4.0.0.LTS\lib\armv6m-ti-none-eabi\c\</path>
         <kind>archive</kind>
         <file>libc.a</file>
         <name>getdevice.c.obj</name>
      </input_file>
      <input_file id="fl-108">
         <path>C:\ti\ccstheia151\ccs\tools\compiler\ti-cgt-armllvm_4.0.0.LTS\lib\armv6m-ti-none-eabi\c\</path>
         <kind>archive</kind>
         <file>libc.a</file>
         <name>memcpy16.S.obj</name>
      </input_file>
      <input_file id="fl-109">
         <path>C:\ti\ccstheia151\ccs\tools\compiler\ti-cgt-armllvm_4.0.0.LTS\lib\armv6m-ti-none-eabi\c\</path>
         <kind>archive</kind>
         <file>libc.a</file>
         <name>memset16.S.obj</name>
      </input_file>
      <input_file id="fl-10a">
         <path>C:\ti\ccstheia151\ccs\tools\compiler\ti-cgt-armllvm_4.0.0.LTS\lib\armv6m-ti-none-eabi\c\</path>
         <kind>archive</kind>
         <file>libc.a</file>
         <name>strcmp-armv6m.S.obj</name>
      </input_file>
   </input_file_list>
   <object_component_list>
      <object_component id="oc-18">
         <name>.intvecs</name>
         <load_address>0x0</load_address>
         <readonly>true</readonly>
         <run_address>0x0</run_address>
         <size>0xc0</size>
         <alignment>0x4</alignment>
         <input_file_ref idref="fl-3"/>
      </object_component>
      <object_component id="oc-1a1">
         <name>.text:__TI_printfi</name>
         <load_address>0xc0</load_address>
         <readonly>true</readonly>
         <executable>true</executable>
         <run_address>0xc0</run_address>
         <size>0x9d0</size>
         <alignment>0x4</alignment>
         <input_file_ref idref="fl-2d"/>
      </object_component>
      <object_component id="oc-bb">
         <name>.text.Deal_data_real</name>
         <load_address>0xa90</load_address>
         <readonly>true</readonly>
         <executable>true</executable>
         <run_address>0xa90</run_address>
         <size>0x448</size>
         <alignment>0x4</alignment>
         <input_file_ref idref="fl-4"/>
      </object_component>
      <object_component id="oc-118">
         <name>.text.strtod</name>
         <load_address>0xed8</load_address>
         <readonly>true</readonly>
         <executable>true</executable>
         <run_address>0xed8</run_address>
         <size>0x3b8</size>
         <alignment>0x4</alignment>
         <input_file_ref idref="fl-3e"/>
      </object_component>
      <object_component id="oc-1fc">
         <name>.text._pconv_a</name>
         <load_address>0x1290</load_address>
         <readonly>true</readonly>
         <executable>true</executable>
         <run_address>0x1290</run_address>
         <size>0x220</size>
         <alignment>0x4</alignment>
         <input_file_ref idref="fl-2d"/>
      </object_component>
      <object_component id="oc-1fd">
         <name>.text._pconv_g</name>
         <load_address>0x14b0</load_address>
         <readonly>true</readonly>
         <executable>true</executable>
         <run_address>0x14b0</run_address>
         <size>0x1dc</size>
         <alignment>0x4</alignment>
         <input_file_ref idref="fl-2d"/>
      </object_component>
      <object_component id="oc-180">
         <name>.text.adddf3_subdf3</name>
         <load_address>0x168c</load_address>
         <readonly>true</readonly>
         <executable>true</executable>
         <run_address>0x168c</run_address>
         <size>0x192</size>
         <alignment>0x4</alignment>
         <input_file_ref idref="fl-f4"/>
      </object_component>
      <object_component id="oc-33">
         <name>.text.Default_Handler</name>
         <load_address>0x181e</load_address>
         <readonly>true</readonly>
         <executable>true</executable>
         <run_address>0x181e</run_address>
         <size>0x2</size>
         <alignment>0x2</alignment>
         <input_file_ref idref="fl-3"/>
      </object_component>
      <object_component id="oc-241">
         <name>.text.fcvt</name>
         <load_address>0x1820</load_address>
         <readonly>true</readonly>
         <executable>true</executable>
         <run_address>0x1820</run_address>
         <size>0x13c</size>
         <alignment>0x4</alignment>
         <input_file_ref idref="fl-2d"/>
      </object_component>
      <object_component id="oc-1ff">
         <name>.text._pconv_e</name>
         <load_address>0x195c</load_address>
         <readonly>true</readonly>
         <executable>true</executable>
         <run_address>0x195c</run_address>
         <size>0x120</size>
         <alignment>0x4</alignment>
         <input_file_ref idref="fl-2d"/>
      </object_component>
      <object_component id="oc-24d">
         <name>.text.aligned_alloc</name>
         <load_address>0x1a7c</load_address>
         <readonly>true</readonly>
         <executable>true</executable>
         <run_address>0x1a7c</run_address>
         <size>0x114</size>
         <alignment>0x4</alignment>
         <input_file_ref idref="fl-3d"/>
      </object_component>
      <object_component id="oc-191">
         <name>.text.__divdf3</name>
         <load_address>0x1b90</load_address>
         <readonly>true</readonly>
         <executable>true</executable>
         <run_address>0x1b90</run_address>
         <size>0x10c</size>
         <alignment>0x4</alignment>
         <input_file_ref idref="fl-f7"/>
      </object_component>
      <object_component id="oc-89">
         <name>.text.main</name>
         <load_address>0x1c9c</load_address>
         <readonly>true</readonly>
         <executable>true</executable>
         <run_address>0x1c9c</run_address>
         <size>0x100</size>
         <alignment>0x4</alignment>
         <input_file_ref idref="fl-1"/>
      </object_component>
      <object_component id="oc-ed">
         <name>.text.fputs</name>
         <load_address>0x1d9c</load_address>
         <readonly>true</readonly>
         <executable>true</executable>
         <run_address>0x1d9c</run_address>
         <size>0xf8</size>
         <alignment>0x4</alignment>
         <input_file_ref idref="fl-2f"/>
      </object_component>
      <object_component id="oc-15a">
         <name>.text.DL_Timer_initTimerMode</name>
         <load_address>0x1e94</load_address>
         <readonly>true</readonly>
         <executable>true</executable>
         <run_address>0x1e94</run_address>
         <size>0xe8</size>
         <alignment>0x4</alignment>
         <input_file_ref idref="fl-16"/>
      </object_component>
      <object_component id="oc-b9">
         <name>.text.Parse_Command</name>
         <load_address>0x1f7c</load_address>
         <readonly>true</readonly>
         <executable>true</executable>
         <run_address>0x1f7c</run_address>
         <size>0xe8</size>
         <alignment>0x4</alignment>
         <input_file_ref idref="fl-1"/>
      </object_component>
      <object_component id="oc-203">
         <name>.text.free</name>
         <load_address>0x2064</load_address>
         <readonly>true</readonly>
         <executable>true</executable>
         <run_address>0x2064</run_address>
         <size>0xe8</size>
         <alignment>0x4</alignment>
         <input_file_ref idref="fl-3d"/>
      </object_component>
      <object_component id="oc-f9">
         <name>.text.Send_Motor_ArrayU8</name>
         <load_address>0x214c</load_address>
         <readonly>true</readonly>
         <executable>true</executable>
         <run_address>0x214c</run_address>
         <size>0xe4</size>
         <alignment>0x4</alignment>
         <input_file_ref idref="fl-5"/>
      </object_component>
      <object_component id="oc-17c">
         <name>.text.__muldf3</name>
         <load_address>0x2230</load_address>
         <readonly>true</readonly>
         <executable>true</executable>
         <run_address>0x2230</run_address>
         <size>0xe4</size>
         <alignment>0x4</alignment>
         <input_file_ref idref="fl-f5"/>
      </object_component>
      <object_component id="oc-1b2">
         <name>.text.setvbuf</name>
         <load_address>0x2314</load_address>
         <readonly>true</readonly>
         <executable>true</executable>
         <run_address>0x2314</run_address>
         <size>0xe0</size>
         <alignment>0x4</alignment>
         <input_file_ref idref="fl-31"/>
      </object_component>
      <object_component id="oc-18d">
         <name>.text.scalbn</name>
         <load_address>0x23f4</load_address>
         <readonly>true</readonly>
         <executable>true</executable>
         <run_address>0x23f4</run_address>
         <size>0xd8</size>
         <alignment>0x4</alignment>
         <input_file_ref idref="fl-34"/>
      </object_component>
      <object_component id="oc-227">
         <name>.text</name>
         <load_address>0x24cc</load_address>
         <readonly>true</readonly>
         <executable>true</executable>
         <run_address>0x24cc</run_address>
         <size>0xa2</size>
         <alignment>0x4</alignment>
         <input_file_ref idref="fl-103"/>
      </object_component>
      <object_component id="oc-a0">
         <name>.text:memcpy</name>
         <load_address>0x256e</load_address>
         <readonly>true</readonly>
         <executable>true</executable>
         <run_address>0x256e</run_address>
         <size>0x9a</size>
         <alignment>0x1</alignment>
         <input_file_ref idref="fl-108"/>
      </object_component>
      <object_component id="oc-17a">
         <name>.text.OUTLINED_FUNCTION_0</name>
         <load_address>0x2608</load_address>
         <readonly>true</readonly>
         <executable>true</executable>
         <run_address>0x2608</run_address>
         <size>0x8</size>
         <alignment>0x2</alignment>
         <input_file_ref idref="fl-3e"/>
      </object_component>
      <object_component id="oc-2d4">
         <name>.text:strcmp</name>
         <load_address>0x2610</load_address>
         <readonly>true</readonly>
         <executable>true</executable>
         <run_address>0x2610</run_address>
         <size>0x88</size>
         <alignment>0x10</alignment>
         <input_file_ref idref="fl-10a"/>
      </object_component>
      <object_component id="oc-24e">
         <name>.text.__TI_closefile</name>
         <load_address>0x2698</load_address>
         <readonly>true</readonly>
         <executable>true</executable>
         <run_address>0x2698</run_address>
         <size>0x7c</size>
         <alignment>0x4</alignment>
         <input_file_ref idref="fl-4f"/>
      </object_component>
      <object_component id="oc-1c">
         <name>.text:decompress:lzss</name>
         <load_address>0x2714</load_address>
         <readonly>true</readonly>
         <executable>true</executable>
         <run_address>0x2714</run_address>
         <size>0x7c</size>
         <alignment>0x4</alignment>
         <input_file_ref idref="fl-47"/>
      </object_component>
      <object_component id="oc-6e">
         <name>.text.Deal_Control_Rxtemp</name>
         <load_address>0x2790</load_address>
         <readonly>true</readonly>
         <executable>true</executable>
         <run_address>0x2790</run_address>
         <size>0x74</size>
         <alignment>0x4</alignment>
         <input_file_ref idref="fl-4"/>
      </object_component>
      <object_component id="oc-1d8">
         <name>.text.__gedf2</name>
         <load_address>0x2804</load_address>
         <readonly>true</readonly>
         <executable>true</executable>
         <run_address>0x2804</run_address>
         <size>0x74</size>
         <alignment>0x4</alignment>
         <input_file_ref idref="fl-105"/>
      </object_component>
      <object_component id="oc-17b">
         <name>.text.OUTLINED_FUNCTION_1</name>
         <load_address>0x2878</load_address>
         <readonly>true</readonly>
         <executable>true</executable>
         <run_address>0x2878</run_address>
         <size>0x8</size>
         <alignment>0x2</alignment>
         <input_file_ref idref="fl-3e"/>
      </object_component>
      <object_component id="oc-11e">
         <name>.text.__truncdfsf2</name>
         <load_address>0x2880</load_address>
         <readonly>true</readonly>
         <executable>true</executable>
         <run_address>0x2880</run_address>
         <size>0x74</size>
         <alignment>0x10</alignment>
         <input_file_ref idref="fl-fc"/>
      </object_component>
      <object_component id="oc-104">
         <name>.text.SYSCFG_DL_UART_0_init</name>
         <load_address>0x28f4</load_address>
         <readonly>true</readonly>
         <executable>true</executable>
         <run_address>0x28f4</run_address>
         <size>0x70</size>
         <alignment>0x4</alignment>
         <input_file_ref idref="fl-2"/>
      </object_component>
      <object_component id="oc-105">
         <name>.text.SYSCFG_DL_UART_1_init</name>
         <load_address>0x2964</load_address>
         <readonly>true</readonly>
         <executable>true</executable>
         <run_address>0x2964</run_address>
         <size>0x70</size>
         <alignment>0x4</alignment>
         <input_file_ref idref="fl-2"/>
      </object_component>
      <object_component id="oc-267">
         <name>.text.HOSTlseek</name>
         <load_address>0x29d4</load_address>
         <readonly>true</readonly>
         <executable>true</executable>
         <run_address>0x29d4</run_address>
         <size>0x6c</size>
         <alignment>0x4</alignment>
         <input_file_ref idref="fl-ed"/>
      </object_component>
      <object_component id="oc-26f">
         <name>.text.HOSTrename</name>
         <load_address>0x2a40</load_address>
         <readonly>true</readonly>
         <executable>true</executable>
         <run_address>0x2a40</run_address>
         <size>0x6c</size>
         <alignment>0x4</alignment>
         <input_file_ref idref="fl-f0"/>
      </object_component>
      <object_component id="oc-106">
         <name>.text.SYSCFG_DL_UART_3_init</name>
         <load_address>0x2aac</load_address>
         <readonly>true</readonly>
         <executable>true</executable>
         <run_address>0x2aac</run_address>
         <size>0x6c</size>
         <alignment>0x4</alignment>
         <input_file_ref idref="fl-2"/>
      </object_component>
      <object_component id="oc-200">
         <name>.text.fseeko</name>
         <load_address>0x2b18</load_address>
         <readonly>true</readonly>
         <executable>true</executable>
         <run_address>0x2b18</run_address>
         <size>0x6c</size>
         <alignment>0x4</alignment>
         <input_file_ref idref="fl-4a"/>
      </object_component>
      <object_component id="oc-2c8">
         <name>.text.getdevice</name>
         <load_address>0x2b84</load_address>
         <readonly>true</readonly>
         <executable>true</executable>
         <run_address>0x2b84</run_address>
         <size>0x6c</size>
         <alignment>0x4</alignment>
         <input_file_ref idref="fl-107"/>
      </object_component>
      <object_component id="oc-1d2">
         <name>.text.__ledf2</name>
         <load_address>0x2bf0</load_address>
         <readonly>true</readonly>
         <executable>true</executable>
         <run_address>0x2bf0</run_address>
         <size>0x68</size>
         <alignment>0x4</alignment>
         <input_file_ref idref="fl-105"/>
      </object_component>
      <object_component id="oc-240">
         <name>.text._mcpy</name>
         <load_address>0x2c58</load_address>
         <readonly>true</readonly>
         <executable>true</executable>
         <run_address>0x2c58</run_address>
         <size>0x66</size>
         <alignment>0x2</alignment>
         <input_file_ref idref="fl-2d"/>
      </object_component>
      <object_component id="oc-139">
         <name>.text.__TI_wrt_ok</name>
         <load_address>0x2cbe</load_address>
         <readonly>true</readonly>
         <executable>true</executable>
         <run_address>0x2cbe</run_address>
         <size>0x64</size>
         <alignment>0x2</alignment>
         <input_file_ref idref="fl-30"/>
      </object_component>
      <object_component id="oc-21d">
         <name>.text.__aeabi_idiv0</name>
         <load_address>0x2d22</load_address>
         <readonly>true</readonly>
         <executable>true</executable>
         <run_address>0x2d22</run_address>
         <size>0x2</size>
         <alignment>0x2</alignment>
         <input_file_ref idref="fl-106"/>
      </object_component>
      <object_component id="oc-28e">
         <name>.text.split</name>
         <load_address>0x2d24</load_address>
         <readonly>true</readonly>
         <executable>true</executable>
         <run_address>0x2d24</run_address>
         <size>0x64</size>
         <alignment>0x4</alignment>
         <input_file_ref idref="fl-3d"/>
      </object_component>
      <object_component id="oc-184">
         <name>.text.__aeabi_dcmp</name>
         <load_address>0x2d88</load_address>
         <readonly>true</readonly>
         <executable>true</executable>
         <run_address>0x2d88</run_address>
         <size>0x62</size>
         <alignment>0x4</alignment>
         <input_file_ref idref="fl-fd"/>
      </object_component>
      <object_component id="oc-ec">
         <name>.text:memset</name>
         <load_address>0x2dea</load_address>
         <readonly>true</readonly>
         <executable>true</executable>
         <run_address>0x2dea</run_address>
         <size>0x62</size>
         <alignment>0x1</alignment>
         <input_file_ref idref="fl-109"/>
      </object_component>
      <object_component id="oc-257">
         <name>.text.HOSTopen</name>
         <load_address>0x2e4c</load_address>
         <readonly>true</readonly>
         <executable>true</executable>
         <run_address>0x2e4c</run_address>
         <size>0x60</size>
         <alignment>0x4</alignment>
         <input_file_ref idref="fl-ee"/>
      </object_component>
      <object_component id="oc-34">
         <name>.text.UART3_IRQHandler</name>
         <load_address>0x2eac</load_address>
         <readonly>true</readonly>
         <executable>true</executable>
         <run_address>0x2eac</run_address>
         <size>0x5c</size>
         <alignment>0x4</alignment>
         <input_file_ref idref="fl-1"/>
      </object_component>
      <object_component id="oc-22c">
         <name>.text.frexp</name>
         <load_address>0x2f08</load_address>
         <readonly>true</readonly>
         <executable>true</executable>
         <run_address>0x2f08</run_address>
         <size>0x5c</size>
         <alignment>0x4</alignment>
         <input_file_ref idref="fl-33"/>
      </object_component>
      <object_component id="oc-c0">
         <name>.text.printf</name>
         <load_address>0x2f64</load_address>
         <readonly>true</readonly>
         <executable>true</executable>
         <run_address>0x2f64</run_address>
         <size>0x5c</size>
         <alignment>0x4</alignment>
         <input_file_ref idref="fl-2c"/>
      </object_component>
      <object_component id="oc-25f">
         <name>.text.HOSTread</name>
         <load_address>0x2fc0</load_address>
         <readonly>true</readonly>
         <executable>true</executable>
         <run_address>0x2fc0</run_address>
         <size>0x58</size>
         <alignment>0x4</alignment>
         <input_file_ref idref="fl-ef"/>
      </object_component>
      <object_component id="oc-263">
         <name>.text.HOSTwrite</name>
         <load_address>0x3018</load_address>
         <readonly>true</readonly>
         <executable>true</executable>
         <run_address>0x3018</run_address>
         <size>0x58</size>
         <alignment>0x4</alignment>
         <input_file_ref idref="fl-f2"/>
      </object_component>
      <object_component id="oc-234">
         <name>.text.__TI_ltoa</name>
         <load_address>0x3070</load_address>
         <readonly>true</readonly>
         <executable>true</executable>
         <run_address>0x3070</run_address>
         <size>0x58</size>
         <alignment>0x2</alignment>
         <input_file_ref idref="fl-38"/>
      </object_component>
      <object_component id="oc-1fe">
         <name>.text._pconv_f</name>
         <load_address>0x30c8</load_address>
         <readonly>true</readonly>
         <executable>true</executable>
         <run_address>0x30c8</run_address>
         <size>0x58</size>
         <alignment>0x2</alignment>
         <input_file_ref idref="fl-2d"/>
      </object_component>
      <object_component id="oc-282">
         <name>.text.__aeabi_idivmod</name>
         <load_address>0x3120</load_address>
         <readonly>true</readonly>
         <executable>true</executable>
         <run_address>0x3120</run_address>
         <size>0x56</size>
         <alignment>0x4</alignment>
         <input_file_ref idref="fl-fe"/>
      </object_component>
      <object_component id="oc-278">
         <name>.text.__aeabi_ldiv0</name>
         <load_address>0x3176</load_address>
         <readonly>true</readonly>
         <executable>true</executable>
         <run_address>0x3176</run_address>
         <size>0x2</size>
         <alignment>0x2</alignment>
         <input_file_ref idref="fl-106"/>
      </object_component>
      <object_component id="oc-ff">
         <name>.text.SYSCFG_DL_initPower</name>
         <load_address>0x3178</load_address>
         <readonly>true</readonly>
         <executable>true</executable>
         <run_address>0x3178</run_address>
         <size>0x54</size>
         <alignment>0x4</alignment>
         <input_file_ref idref="fl-2"/>
      </object_component>
      <object_component id="oc-143">
         <name>.text.__TI_doflush</name>
         <load_address>0x31cc</load_address>
         <readonly>true</readonly>
         <executable>true</executable>
         <run_address>0x31cc</run_address>
         <size>0x52</size>
         <alignment>0x2</alignment>
         <input_file_ref idref="fl-48"/>
      </object_component>
      <object_component id="oc-23e">
         <name>.text._ecpy</name>
         <load_address>0x321e</load_address>
         <readonly>true</readonly>
         <executable>true</executable>
         <run_address>0x321e</run_address>
         <size>0x52</size>
         <alignment>0x2</alignment>
         <input_file_ref idref="fl-2d"/>
      </object_component>
      <object_component id="oc-290">
         <name>.text.close</name>
         <load_address>0x3270</load_address>
         <readonly>true</readonly>
         <executable>true</executable>
         <run_address>0x3270</run_address>
         <size>0x50</size>
         <alignment>0x4</alignment>
         <input_file_ref idref="fl-ea"/>
      </object_component>
      <object_component id="oc-ac">
         <name>.text.Contrl_Pwm</name>
         <load_address>0x32c0</load_address>
         <readonly>true</readonly>
         <executable>true</executable>
         <run_address>0x32c0</run_address>
         <size>0x4c</size>
         <alignment>0x4</alignment>
         <input_file_ref idref="fl-4"/>
      </object_component>
      <object_component id="oc-ba">
         <name>.text.Contrl_Speed</name>
         <load_address>0x330c</load_address>
         <readonly>true</readonly>
         <executable>true</executable>
         <run_address>0x330c</run_address>
         <size>0x4c</size>
         <alignment>0x4</alignment>
         <input_file_ref idref="fl-4"/>
      </object_component>
      <object_component id="oc-230">
         <name>.text.__fixdfsi</name>
         <load_address>0x3358</load_address>
         <readonly>true</readonly>
         <executable>true</executable>
         <run_address>0x3358</run_address>
         <size>0x4a</size>
         <alignment>0x4</alignment>
         <input_file_ref idref="fl-f9"/>
      </object_component>
      <object_component id="oc-1a2">
         <name>.text._nop</name>
         <load_address>0x33a2</load_address>
         <readonly>true</readonly>
         <executable>true</executable>
         <run_address>0x33a2</run_address>
         <size>0x2</size>
         <alignment>0x2</alignment>
         <input_file_ref idref="fl-37"/>
      </object_component>
      <object_component id="oc-163">
         <name>.text.DL_UART_init</name>
         <load_address>0x33a4</load_address>
         <readonly>true</readonly>
         <executable>true</executable>
         <run_address>0x33a4</run_address>
         <size>0x48</size>
         <alignment>0x4</alignment>
         <input_file_ref idref="fl-17"/>
      </object_component>
      <object_component id="oc-25b">
         <name>.text.HOSTclose</name>
         <load_address>0x33ec</load_address>
         <readonly>true</readonly>
         <executable>true</executable>
         <run_address>0x33ec</run_address>
         <size>0x48</size>
         <alignment>0x4</alignment>
         <input_file_ref idref="fl-ec"/>
      </object_component>
      <object_component id="oc-26b">
         <name>.text.HOSTunlink</name>
         <load_address>0x3434</load_address>
         <readonly>true</readonly>
         <executable>true</executable>
         <run_address>0x3434</run_address>
         <size>0x48</size>
         <alignment>0x4</alignment>
         <input_file_ref idref="fl-f1"/>
      </object_component>
      <object_component id="oc-b3">
         <name>.text.send_upload_data</name>
         <load_address>0x347c</load_address>
         <readonly>true</readonly>
         <executable>true</executable>
         <run_address>0x347c</run_address>
         <size>0x48</size>
         <alignment>0x4</alignment>
         <input_file_ref idref="fl-4"/>
      </object_component>
      <object_component id="oc-10c">
         <name>.text.strtok</name>
         <load_address>0x34c4</load_address>
         <readonly>true</readonly>
         <executable>true</executable>
         <run_address>0x34c4</run_address>
         <size>0x48</size>
         <alignment>0x4</alignment>
         <input_file_ref idref="fl-3f"/>
      </object_component>
      <object_component id="oc-40">
         <name>.text.UART0_IRQHandler</name>
         <load_address>0x350c</load_address>
         <readonly>true</readonly>
         <executable>true</executable>
         <run_address>0x350c</run_address>
         <size>0x44</size>
         <alignment>0x4</alignment>
         <input_file_ref idref="fl-7"/>
      </object_component>
      <object_component id="oc-1e9">
         <name>.text.__aeabi_uidivmod</name>
         <load_address>0x3550</load_address>
         <readonly>true</readonly>
         <executable>true</executable>
         <run_address>0x3550</run_address>
         <size>0x40</size>
         <alignment>0x4</alignment>
         <input_file_ref idref="fl-101"/>
      </object_component>
      <object_component id="oc-bc">
         <name>.text.__extendsfdf2</name>
         <load_address>0x3590</load_address>
         <readonly>true</readonly>
         <executable>true</executable>
         <run_address>0x3590</run_address>
         <size>0x40</size>
         <alignment>0x4</alignment>
         <input_file_ref idref="fl-f8"/>
      </object_component>
      <object_component id="oc-110">
         <name>.text.atoi</name>
         <load_address>0x35d0</load_address>
         <readonly>true</readonly>
         <executable>true</executable>
         <run_address>0x35d0</run_address>
         <size>0x40</size>
         <alignment>0x4</alignment>
         <input_file_ref idref="fl-3a"/>
      </object_component>
      <object_component id="oc-ad">
         <name>.text.delay_ms</name>
         <load_address>0x3610</load_address>
         <readonly>true</readonly>
         <executable>true</executable>
         <run_address>0x3610</run_address>
         <size>0x40</size>
         <alignment>0x4</alignment>
         <input_file_ref idref="fl-6"/>
      </object_component>
      <object_component id="oc-101">
         <name>.text.SYSCFG_DL_SYSCTL_init</name>
         <load_address>0x3650</load_address>
         <readonly>true</readonly>
         <executable>true</executable>
         <run_address>0x3650</run_address>
         <size>0x3c</size>
         <alignment>0x4</alignment>
         <input_file_ref idref="fl-2"/>
      </object_component>
      <object_component id="oc-b4">
         <name>.text.SYSCFG_DL_init</name>
         <load_address>0x368c</load_address>
         <readonly>true</readonly>
         <executable>true</executable>
         <run_address>0x368c</run_address>
         <size>0x3c</size>
         <alignment>0x4</alignment>
         <input_file_ref idref="fl-2"/>
      </object_component>
      <object_component id="oc-d4">
         <name>.text:__TI_auto_init_nobinit_nopinit</name>
         <load_address>0x36c8</load_address>
         <readonly>true</readonly>
         <executable>true</executable>
         <run_address>0x36c8</run_address>
         <size>0x3c</size>
         <alignment>0x4</alignment>
         <input_file_ref idref="fl-42"/>
      </object_component>
      <object_component id="oc-1cc">
         <name>.text.__muldsi3</name>
         <load_address>0x3704</load_address>
         <readonly>true</readonly>
         <executable>true</executable>
         <run_address>0x3704</run_address>
         <size>0x3a</size>
         <alignment>0x4</alignment>
         <input_file_ref idref="fl-f6"/>
      </object_component>
      <object_component id="oc-103">
         <name>.text.SYSCFG_DL_TIMER_0_init</name>
         <load_address>0x3740</load_address>
         <readonly>true</readonly>
         <executable>true</executable>
         <run_address>0x3740</run_address>
         <size>0x38</size>
         <alignment>0x4</alignment>
         <input_file_ref idref="fl-2"/>
      </object_component>
      <object_component id="oc-f3">
         <name>.text.sprintf</name>
         <load_address>0x3778</load_address>
         <readonly>true</readonly>
         <executable>true</executable>
         <run_address>0x3778</run_address>
         <size>0x38</size>
         <alignment>0x4</alignment>
         <input_file_ref idref="fl-2e"/>
      </object_component>
      <object_component id="oc-20a">
         <name>.text.__TI_cleanup</name>
         <load_address>0x37b0</load_address>
         <readonly>true</readonly>
         <executable>true</executable>
         <run_address>0x37b0</run_address>
         <size>0x34</size>
         <alignment>0x4</alignment>
         <input_file_ref idref="fl-49"/>
      </object_component>
      <object_component id="oc-2a1">
         <name>.text.__TI_readmsg</name>
         <load_address>0x37e4</load_address>
         <readonly>true</readonly>
         <executable>true</executable>
         <run_address>0x37e4</run_address>
         <size>0x34</size>
         <alignment>0x4</alignment>
         <input_file_ref idref="fl-f3"/>
      </object_component>
      <object_component id="oc-29b">
         <name>.text.__TI_writemsg</name>
         <load_address>0x3818</load_address>
         <readonly>true</readonly>
         <executable>true</executable>
         <run_address>0x3818</run_address>
         <size>0x34</size>
         <alignment>0x4</alignment>
         <input_file_ref idref="fl-f3"/>
      </object_component>
      <object_component id="oc-d2">
         <name>.text.exit</name>
         <load_address>0x384c</load_address>
         <readonly>true</readonly>
         <executable>true</executable>
         <run_address>0x384c</run_address>
         <size>0x34</size>
         <alignment>0x4</alignment>
         <input_file_ref idref="fl-36"/>
      </object_component>
      <object_component id="oc-2d1">
         <name>.text.finddevice</name>
         <load_address>0x3880</load_address>
         <readonly>true</readonly>
         <executable>true</executable>
         <run_address>0x3880</run_address>
         <size>0x34</size>
         <alignment>0x4</alignment>
         <input_file_ref idref="fl-107"/>
      </object_component>
      <object_component id="oc-23f">
         <name>.text._fcpy</name>
         <load_address>0x38b4</load_address>
         <readonly>true</readonly>
         <executable>true</executable>
         <run_address>0x38b4</run_address>
         <size>0x30</size>
         <alignment>0x2</alignment>
         <input_file_ref idref="fl-2d"/>
      </object_component>
      <object_component id="oc-238">
         <name>.text.__floatsidf</name>
         <load_address>0x38e4</load_address>
         <readonly>true</readonly>
         <executable>true</executable>
         <run_address>0x38e4</run_address>
         <size>0x2c</size>
         <alignment>0x4</alignment>
         <input_file_ref idref="fl-fa"/>
      </object_component>
      <object_component id="oc-2be">
         <name>.text.unlink</name>
         <load_address>0x3910</load_address>
         <readonly>true</readonly>
         <executable>true</executable>
         <run_address>0x3910</run_address>
         <size>0x2c</size>
         <alignment>0x4</alignment>
         <input_file_ref idref="fl-eb"/>
      </object_component>
      <object_component id="oc-249">
         <name>.text.free_list_insert</name>
         <load_address>0x393c</load_address>
         <readonly>true</readonly>
         <executable>true</executable>
         <run_address>0x393c</run_address>
         <size>0x28</size>
         <alignment>0x4</alignment>
         <input_file_ref idref="fl-3d"/>
      </object_component>
      <object_component id="oc-243">
         <name>.text.lseek</name>
         <load_address>0x3964</load_address>
         <readonly>true</readonly>
         <executable>true</executable>
         <run_address>0x3964</run_address>
         <size>0x28</size>
         <alignment>0x4</alignment>
         <input_file_ref idref="fl-e9"/>
      </object_component>
      <object_component id="oc-13f">
         <name>.text.write</name>
         <load_address>0x398c</load_address>
         <readonly>true</readonly>
         <executable>true</executable>
         <run_address>0x398c</run_address>
         <size>0x28</size>
         <alignment>0x4</alignment>
         <input_file_ref idref="fl-e5"/>
      </object_component>
      <object_component id="oc-62">
         <name>.text:_c_int00_noargs</name>
         <load_address>0x39b4</load_address>
         <readonly>true</readonly>
         <executable>true</executable>
         <run_address>0x39b4</run_address>
         <size>0x28</size>
         <alignment>0x4</alignment>
         <input_file_ref idref="fl-40"/>
      </object_component>
      <object_component id="oc-16a">
         <name>.text.strspn</name>
         <load_address>0x39dc</load_address>
         <readonly>true</readonly>
         <executable>true</executable>
         <run_address>0x39dc</run_address>
         <size>0x26</size>
         <alignment>0x2</alignment>
         <input_file_ref idref="fl-4e"/>
      </object_component>
      <object_component id="oc-100">
         <name>.text.SYSCFG_DL_GPIO_init</name>
         <load_address>0x3a04</load_address>
         <readonly>true</readonly>
         <executable>true</executable>
         <run_address>0x3a04</run_address>
         <size>0x24</size>
         <alignment>0x4</alignment>
         <input_file_ref idref="fl-2"/>
      </object_component>
      <object_component id="oc-a5">
         <name>.text.USART_Init</name>
         <load_address>0x3a28</load_address>
         <readonly>true</readonly>
         <executable>true</executable>
         <run_address>0x3a28</run_address>
         <size>0x24</size>
         <alignment>0x4</alignment>
         <input_file_ref idref="fl-7"/>
      </object_component>
      <object_component id="oc-1f3">
         <name>.text.__muldi3</name>
         <load_address>0x3a4c</load_address>
         <readonly>true</readonly>
         <executable>true</executable>
         <run_address>0x3a4c</run_address>
         <size>0x24</size>
         <alignment>0x4</alignment>
         <input_file_ref idref="fl-fb"/>
      </object_component>
      <object_component id="oc-a6">
         <name>.text.puts</name>
         <load_address>0x3a70</load_address>
         <readonly>true</readonly>
         <executable>true</executable>
         <run_address>0x3a70</run_address>
         <size>0x24</size>
         <alignment>0x4</alignment>
         <input_file_ref idref="fl-2f"/>
      </object_component>
      <object_component id="oc-16e">
         <name>.text.strcspn</name>
         <load_address>0x3a94</load_address>
         <readonly>true</readonly>
         <executable>true</executable>
         <run_address>0x3a94</run_address>
         <size>0x24</size>
         <alignment>0x2</alignment>
         <input_file_ref idref="fl-4d"/>
      </object_component>
      <object_component id="oc-1e4">
         <name>.text.memccpy</name>
         <load_address>0x3ab8</load_address>
         <readonly>true</readonly>
         <executable>true</executable>
         <run_address>0x3ab8</run_address>
         <size>0x22</size>
         <alignment>0x2</alignment>
         <input_file_ref idref="fl-3c"/>
      </object_component>
      <object_component id="oc-3a">
         <name>.text.UART1_IRQHandler</name>
         <load_address>0x3adc</load_address>
         <readonly>true</readonly>
         <executable>true</executable>
         <run_address>0x3adc</run_address>
         <size>0x20</size>
         <alignment>0x4</alignment>
         <input_file_ref idref="fl-5"/>
      </object_component>
      <object_component id="oc-1a8">
         <name>.text.fputc</name>
         <load_address>0x3afc</load_address>
         <readonly>true</readonly>
         <executable>true</executable>
         <run_address>0x3afc</run_address>
         <size>0x20</size>
         <alignment>0x4</alignment>
         <input_file_ref idref="fl-7"/>
      </object_component>
      <object_component id="oc-279">
         <name>.text.__ashldi3</name>
         <load_address>0x3b1c</load_address>
         <readonly>true</readonly>
         <executable>true</executable>
         <run_address>0x3b1c</run_address>
         <size>0x1e</size>
         <alignment>0x4</alignment>
         <input_file_ref idref="fl-104"/>
      </object_component>
      <object_component id="oc-154">
         <name>.text.DL_Timer_setClockConfig</name>
         <load_address>0x3b3c</load_address>
         <readonly>true</readonly>
         <executable>true</executable>
         <run_address>0x3b3c</run_address>
         <size>0x1c</size>
         <alignment>0x4</alignment>
         <input_file_ref idref="fl-16"/>
      </object_component>
      <object_component id="oc-107">
         <name>.text.SYSCFG_DL_SYSTICK_init</name>
         <load_address>0x3b58</load_address>
         <readonly>true</readonly>
         <executable>true</executable>
         <run_address>0x3b58</run_address>
         <size>0x1c</size>
         <alignment>0x4</alignment>
         <input_file_ref idref="fl-2"/>
      </object_component>
      <object_component id="oc-46">
         <name>.text.TIMA0_IRQHandler</name>
         <load_address>0x3b74</load_address>
         <readonly>true</readonly>
         <executable>true</executable>
         <run_address>0x3b74</run_address>
         <size>0x1c</size>
         <alignment>0x4</alignment>
         <input_file_ref idref="fl-1"/>
      </object_component>
      <object_component id="oc-247">
         <name>.text.free_list_remove</name>
         <load_address>0x3b90</load_address>
         <readonly>true</readonly>
         <executable>true</executable>
         <run_address>0x3b90</run_address>
         <size>0x1c</size>
         <alignment>0x4</alignment>
         <input_file_ref idref="fl-3d"/>
      </object_component>
      <object_component id="oc-14c">
         <name>.text._outs</name>
         <load_address>0x3bac</load_address>
         <readonly>true</readonly>
         <executable>true</executable>
         <run_address>0x3bac</run_address>
         <size>0x18</size>
         <alignment>0x2</alignment>
         <input_file_ref idref="fl-2e"/>
      </object_component>
      <object_component id="oc-1f8">
         <name>.text.__aeabi_uldivmod</name>
         <load_address>0x3bc4</load_address>
         <readonly>true</readonly>
         <executable>true</executable>
         <run_address>0x3bc4</run_address>
         <size>0x14</size>
         <alignment>0x4</alignment>
         <input_file_ref idref="fl-102"/>
      </object_component>
      <object_component id="oc-23d">
         <name>.text.strchr</name>
         <load_address>0x3bd8</load_address>
         <readonly>true</readonly>
         <executable>true</executable>
         <run_address>0x3bd8</run_address>
         <size>0x14</size>
         <alignment>0x2</alignment>
         <input_file_ref idref="fl-2d"/>
      </object_component>
      <object_component id="oc-15d">
         <name>.text.DL_UART_setClockConfig</name>
         <load_address>0x3bec</load_address>
         <readonly>true</readonly>
         <executable>true</executable>
         <run_address>0x3bec</run_address>
         <size>0x12</size>
         <alignment>0x2</alignment>
         <input_file_ref idref="fl-17"/>
      </object_component>
      <object_component id="oc-20">
         <name>.text:decompress:none</name>
         <load_address>0x3bfe</load_address>
         <readonly>true</readonly>
         <executable>true</executable>
         <run_address>0x3bfe</run_address>
         <size>0x12</size>
         <alignment>0x2</alignment>
         <input_file_ref idref="fl-46"/>
      </object_component>
      <object_component id="oc-1ef">
         <name>.text.wcslen</name>
         <load_address>0x3c10</load_address>
         <readonly>true</readonly>
         <executable>true</executable>
         <run_address>0x3c10</run_address>
         <size>0x10</size>
         <alignment>0x2</alignment>
         <input_file_ref idref="fl-32"/>
      </object_component>
      <object_component id="oc-5f">
         <name>.text:decompress:ZI</name>
         <load_address>0x3c20</load_address>
         <readonly>true</readonly>
         <executable>true</executable>
         <run_address>0x3c20</run_address>
         <size>0x10</size>
         <alignment>0x2</alignment>
         <input_file_ref idref="fl-45"/>
      </object_component>
      <object_component id="oc-248">
         <name>.text.OUTLINED_FUNCTION_0</name>
         <load_address>0x3c30</load_address>
         <readonly>true</readonly>
         <executable>true</executable>
         <run_address>0x3c30</run_address>
         <size>0xe</size>
         <alignment>0x2</alignment>
         <input_file_ref idref="fl-3d"/>
      </object_component>
      <object_component id="oc-1e3">
         <name>.text.__aeabi_memset</name>
         <load_address>0x3c40</load_address>
         <readonly>true</readonly>
         <executable>true</executable>
         <run_address>0x3c40</run_address>
         <size>0xe</size>
         <alignment>0x4</alignment>
         <input_file_ref idref="fl-100"/>
      </object_component>
      <object_component id="oc-2b5">
         <name>.text.strcpy</name>
         <load_address>0x3c4e</load_address>
         <readonly>true</readonly>
         <executable>true</executable>
         <run_address>0x3c4e</run_address>
         <size>0xe</size>
         <alignment>0x2</alignment>
         <input_file_ref idref="fl-f0"/>
      </object_component>
      <object_component id="oc-1e2">
         <name>.text.strlen</name>
         <load_address>0x3c5c</load_address>
         <readonly>true</readonly>
         <executable>true</executable>
         <run_address>0x3c5c</run_address>
         <size>0xe</size>
         <alignment>0x2</alignment>
         <input_file_ref idref="fl-2d"/>
      </object_component>
      <object_component id="oc-2b6">
         <name>.text.strlen</name>
         <load_address>0x3c6a</load_address>
         <readonly>true</readonly>
         <executable>true</executable>
         <run_address>0x3c6a</run_address>
         <size>0xe</size>
         <alignment>0x2</alignment>
         <input_file_ref idref="fl-f0"/>
      </object_component>
      <object_component id="oc-80">
         <name>.text.__aeabi_memclr</name>
         <load_address>0x3c78</load_address>
         <readonly>true</readonly>
         <executable>true</executable>
         <run_address>0x3c78</run_address>
         <size>0xc</size>
         <alignment>0x4</alignment>
         <input_file_ref idref="fl-100"/>
      </object_component>
      <object_component id="oc-209">
         <name>.text.malloc</name>
         <load_address>0x3c84</load_address>
         <readonly>true</readonly>
         <executable>true</executable>
         <run_address>0x3c84</run_address>
         <size>0xc</size>
         <alignment>0x2</alignment>
         <input_file_ref idref="fl-3d"/>
      </object_component>
      <object_component id="oc-150">
         <name>.text.DL_Common_delayCycles</name>
         <load_address>0x3c90</load_address>
         <readonly>true</readonly>
         <executable>true</executable>
         <run_address>0x3c90</run_address>
         <size>0xa</size>
         <alignment>0x2</alignment>
         <input_file_ref idref="fl-15"/>
      </object_component>
      <object_component id="oc-23c">
         <name>.text.OUTLINED_FUNCTION_0</name>
         <load_address>0x3c9a</load_address>
         <readonly>true</readonly>
         <executable>true</executable>
         <run_address>0x3c9a</run_address>
         <size>0xa</size>
         <alignment>0x2</alignment>
         <input_file_ref idref="fl-2d"/>
      </object_component>
      <object_component id="oc-321">
         <name>.tramp.__aeabi_dsub.1</name>
         <load_address>0x3ca4</load_address>
         <readonly>true</readonly>
         <executable>true</executable>
         <run_address>0x3ca4</run_address>
         <size>0x10</size>
         <alignment>0x4</alignment>
         <input_file_ref idref="fl-f4"/>
      </object_component>
      <object_component id="oc-242">
         <name>.text.OUTLINED_FUNCTION_1</name>
         <load_address>0x3cb4</load_address>
         <readonly>true</readonly>
         <executable>true</executable>
         <run_address>0x3cb4</run_address>
         <size>0xa</size>
         <alignment>0x2</alignment>
         <input_file_ref idref="fl-2d"/>
      </object_component>
      <object_component id="oc-14d">
         <name>.text._outc</name>
         <load_address>0x3cbe</load_address>
         <readonly>true</readonly>
         <executable>true</executable>
         <run_address>0x3cbe</run_address>
         <size>0xa</size>
         <alignment>0x2</alignment>
         <input_file_ref idref="fl-2e"/>
      </object_component>
      <object_component id="oc-188">
         <name>.text.__aeabi_errno_addr</name>
         <load_address>0x3cc8</load_address>
         <readonly>true</readonly>
         <executable>true</executable>
         <run_address>0x3cc8</run_address>
         <size>0x8</size>
         <alignment>0x4</alignment>
         <input_file_ref idref="fl-35"/>
      </object_component>
      <object_component id="oc-52">
         <name>.text.__aeabi_memcpy</name>
         <load_address>0x3cd0</load_address>
         <readonly>true</readonly>
         <executable>true</executable>
         <run_address>0x3cd0</run_address>
         <size>0x8</size>
         <alignment>0x4</alignment>
         <input_file_ref idref="fl-ff"/>
      </object_component>
      <object_component id="oc-12b">
         <name>.text._outc</name>
         <load_address>0x3cd8</load_address>
         <readonly>true</readonly>
         <executable>true</executable>
         <run_address>0x3cd8</run_address>
         <size>0x8</size>
         <alignment>0x2</alignment>
         <input_file_ref idref="fl-2c"/>
      </object_component>
      <object_component id="oc-12a">
         <name>.text._outs</name>
         <load_address>0x3ce0</load_address>
         <readonly>true</readonly>
         <executable>true</executable>
         <run_address>0x3ce0</run_address>
         <size>0x8</size>
         <alignment>0x2</alignment>
         <input_file_ref idref="fl-2c"/>
      </object_component>
      <object_component id="oc-1ac">
         <name>.text.fseek</name>
         <load_address>0x3ce8</load_address>
         <readonly>true</readonly>
         <executable>true</executable>
         <run_address>0x3ce8</run_address>
         <size>0x8</size>
         <alignment>0x2</alignment>
         <input_file_ref idref="fl-4a"/>
      </object_component>
      <object_component id="oc-294">
         <name>.text.remove</name>
         <load_address>0x3cf0</load_address>
         <readonly>true</readonly>
         <executable>true</executable>
         <run_address>0x3cf0</run_address>
         <size>0x8</size>
         <alignment>0x2</alignment>
         <input_file_ref idref="fl-e7"/>
      </object_component>
      <object_component id="oc-2f">
         <name>.text.Reset_Handler</name>
         <load_address>0x3cf8</load_address>
         <readonly>true</readonly>
         <executable>true</executable>
         <run_address>0x3cf8</run_address>
         <size>0x4</size>
         <alignment>0x2</alignment>
         <input_file_ref idref="fl-3"/>
      </object_component>
      <object_component id="oc-85">
         <name>.text._system_pre_init</name>
         <load_address>0x3cfc</load_address>
         <readonly>true</readonly>
         <executable>true</executable>
         <run_address>0x3cfc</run_address>
         <size>0x4</size>
         <alignment>0x2</alignment>
         <input_file_ref idref="fl-43"/>
      </object_component>
      <object_component id="oc-cd">
         <name>.text:abort</name>
         <load_address>0x3d00</load_address>
         <readonly>true</readonly>
         <executable>true</executable>
         <run_address>0x3d00</run_address>
         <size>0x4</size>
         <alignment>0x2</alignment>
         <input_file_ref idref="fl-36"/>
      </object_component>
      <object_component id="oc-31c">
         <name>.cinit..data.load</name>
         <load_address>0x4040</load_address>
         <readonly>true</readonly>
         <run_address>0x4040</run_address>
         <size>0x66</size>
         <alignment>0x1</alignment>
      </object_component>
      <object_component id="oc-31a">
         <name>__TI_handler_table</name>
         <load_address>0x40a8</load_address>
         <readonly>true</readonly>
         <run_address>0x40a8</run_address>
         <size>0xc</size>
         <alignment>0x4</alignment>
      </object_component>
      <object_component id="oc-31d">
         <name>.cinit..bss.load</name>
         <load_address>0x40b4</load_address>
         <readonly>true</readonly>
         <run_address>0x40b4</run_address>
         <size>0x8</size>
         <alignment>0x4</alignment>
      </object_component>
      <object_component id="oc-31b">
         <name>__TI_cinit_table</name>
         <load_address>0x40bc</load_address>
         <readonly>true</readonly>
         <run_address>0x40bc</run_address>
         <size>0x10</size>
         <alignment>0x4</alignment>
      </object_component>
      <object_component id="oc-176">
         <name>.rodata:__aeabi_ctype_table_</name>
         <load_address>0x3d10</load_address>
         <readonly>true</readonly>
         <run_address>0x3d10</run_address>
         <size>0x101</size>
         <alignment>0x10</alignment>
         <input_file_ref idref="fl-4b"/>
      </object_component>
      <object_component id="oc-15b">
         <name>.rodata.gTIMER_0ClockConfig</name>
         <load_address>0x3e11</load_address>
         <readonly>true</readonly>
         <run_address>0x3e11</run_address>
         <size>0x3</size>
         <alignment>0x1</alignment>
         <input_file_ref idref="fl-2"/>
      </object_component>
      <object_component id="oc-123">
         <name>.rodata.str1.38835746890475915111</name>
         <load_address>0x3e14</load_address>
         <readonly>true</readonly>
         <run_address>0x3e14</run_address>
         <size>0x3</size>
         <alignment>0x1</alignment>
         <input_file_ref idref="fl-4"/>
      </object_component>
      <object_component id="oc-195">
         <name>.rodata.digits</name>
         <load_address>0x3e18</load_address>
         <readonly>true</readonly>
         <run_address>0x3e18</run_address>
         <size>0x80</size>
         <alignment>0x8</alignment>
         <input_file_ref idref="fl-3e"/>
      </object_component>
      <object_component id="oc-196">
         <name>.rodata.powerof10</name>
         <load_address>0x3e98</load_address>
         <readonly>true</readonly>
         <run_address>0x3e98</run_address>
         <size>0x48</size>
         <alignment>0x8</alignment>
         <input_file_ref idref="fl-3e"/>
      </object_component>
      <object_component id="oc-c7">
         <name>.rodata.str1.121670593114885223941</name>
         <load_address>0x3ee0</load_address>
         <readonly>true</readonly>
         <run_address>0x3ee0</run_address>
         <size>0x2e</size>
         <alignment>0x1</alignment>
         <input_file_ref idref="fl-1"/>
      </object_component>
      <object_component id="oc-115">
         <name>.rodata.str1.100506750686581518081</name>
         <load_address>0x3f0e</load_address>
         <readonly>true</readonly>
         <run_address>0x3f0e</run_address>
         <size>0x29</size>
         <alignment>0x1</alignment>
         <input_file_ref idref="fl-1"/>
      </object_component>
      <object_component id="oc-cc">
         <name>.rodata.str1.158377844875001402571</name>
         <load_address>0x3f37</load_address>
         <readonly>true</readonly>
         <run_address>0x3f37</run_address>
         <size>0x22</size>
         <alignment>0x1</alignment>
         <input_file_ref idref="fl-1"/>
      </object_component>
      <object_component id="oc-116">
         <name>.rodata.str1.17018975811555758931</name>
         <load_address>0x3f59</load_address>
         <readonly>true</readonly>
         <run_address>0x3f59</run_address>
         <size>0x20</size>
         <alignment>0x1</alignment>
         <input_file_ref idref="fl-1"/>
      </object_component>
      <object_component id="oc-c8">
         <name>.rodata.str1.119108871064342138421</name>
         <load_address>0x3f79</load_address>
         <readonly>true</readonly>
         <run_address>0x3f79</run_address>
         <size>0x16</size>
         <alignment>0x1</alignment>
         <input_file_ref idref="fl-1"/>
      </object_component>
      <object_component id="oc-15c">
         <name>.rodata.gTIMER_0TimerConfig</name>
         <load_address>0x3f90</load_address>
         <readonly>true</readonly>
         <run_address>0x3f90</run_address>
         <size>0x14</size>
         <alignment>0x4</alignment>
         <input_file_ref idref="fl-2"/>
      </object_component>
      <object_component id="oc-fb">
         <name>.rodata.str1.151009922404568866841</name>
         <load_address>0x3fa4</load_address>
         <readonly>true</readonly>
         <run_address>0x3fa4</run_address>
         <size>0x12</size>
         <alignment>0x1</alignment>
         <input_file_ref idref="fl-4"/>
      </object_component>
      <object_component id="oc-117">
         <name>.rodata.str1.177430081765570553101</name>
         <load_address>0x3fb6</load_address>
         <readonly>true</readonly>
         <run_address>0x3fb6</run_address>
         <size>0x12</size>
         <alignment>0x1</alignment>
         <input_file_ref idref="fl-4"/>
      </object_component>
      <object_component id="oc-fe">
         <name>.rodata.str1.2691616975900509361</name>
[...]
      <symbol id="sm-1e1">
         <name>wcslen</name>
         <value>0x3c11</value>
         <object_component_ref idref="oc-1ef"/>
      </symbol>
      <symbol id="sm-1eb">
         <name>frexp</name>
         <value>0x2f09</value>
         <object_component_ref idref="oc-22c"/>
      </symbol>
      <symbol id="sm-1ec">
         <name>frexpl</name>
         <value>0x2f09</value>
         <object_component_ref idref="oc-22c"/>
      </symbol>
      <symbol id="sm-1f6">
         <name>scalbn</name>
         <value>0x23f5</value>
         <object_component_ref idref="oc-18d"/>
      </symbol>
      <symbol id="sm-1f7">
         <name>ldexp</name>
         <value>0x23f5</value>
         <object_component_ref idref="oc-18d"/>
      </symbol>
      <symbol id="sm-1f8">
         <name>scalbnl</name>
         <value>0x23f5</value>
         <object_component_ref idref="oc-18d"/>
      </symbol>
      <symbol id="sm-1f9">
         <name>ldexpl</name>
         <value>0x23f5</value>
         <object_component_ref idref="oc-18d"/>
      </symbol>
      <symbol id="sm-204">
         <name>__aeabi_errno_addr</name>
         <value>0x3cc9</value>
         <object_component_ref idref="oc-188"/>
      </symbol>
      <symbol id="sm-205">
         <name>__aeabi_errno</name>
         <value>0x20201094</value>
         <object_component_ref idref="oc-1da"/>
      </symbol>
      <symbol id="sm-213">
         <name>abort</name>
         <value>0x3d01</value>
         <object_component_ref idref="oc-cd"/>
      </symbol>
      <symbol id="sm-214">
         <name>C$$EXIT</name>
         <value>0x3d00</value>
         <object_component_ref idref="oc-cd"/>
      </symbol>
      <symbol id="sm-215">
         <name>__TI_cleanup_ptr</name>
         <value>0x20201088</value>
         <object_component_ref idref="oc-131"/>
      </symbol>
      <symbol id="sm-216">
         <name>__TI_dtors_ptr</name>
         <value>0x2020108c</value>
         <object_component_ref idref="oc-131"/>
      </symbol>
      <symbol id="sm-217">
         <name>exit</name>
         <value>0x384d</value>
         <object_component_ref idref="oc-d2"/>
      </symbol>
      <symbol id="sm-220">
         <name>_nop</name>
         <value>0x33a3</value>
         <object_component_ref idref="oc-1a2"/>
      </symbol>
      <symbol id="sm-221">
         <name>_lock</name>
         <value>0x20201098</value>
         <object_component_ref idref="oc-128"/>
      </symbol>
      <symbol id="sm-222">
         <name>_unlock</name>
         <value>0x2020109c</value>
         <object_component_ref idref="oc-12c"/>
      </symbol>
      <symbol id="sm-22b">
         <name>__TI_ltoa</name>
         <value>0x3071</value>
         <object_component_ref idref="oc-234"/>
      </symbol>
      <symbol id="sm-236">
         <name>atoi</name>
         <value>0x35d1</value>
         <object_component_ref idref="oc-110"/>
      </symbol>
      <symbol id="sm-23b">
         <name>_ftable</name>
         <value>0x20200e50</value>
         <object_component_ref idref="oc-ee"/>
      </symbol>
      <symbol id="sm-23c">
         <name>__TI_ft_end</name>
         <value>0x20201090</value>
         <object_component_ref idref="oc-254"/>
      </symbol>
      <symbol id="sm-23d">
         <name>__TI_tmpnams</name>
         <value>0x20200cdc</value>
         <object_component_ref idref="oc-298"/>
      </symbol>
      <symbol id="sm-246">
         <name>memccpy</name>
         <value>0x3ab9</value>
         <object_component_ref idref="oc-1e4"/>
      </symbol>
      <symbol id="sm-269">
         <name>malloc</name>
         <value>0x3c85</value>
         <object_component_ref idref="oc-209"/>
      </symbol>
      <symbol id="sm-26a">
         <name>aligned_alloc</name>
         <value>0x1a7d</value>
         <object_component_ref idref="oc-24d"/>
      </symbol>
      <symbol id="sm-26b">
         <name>free</name>
         <value>0x2065</value>
         <object_component_ref idref="oc-203"/>
      </symbol>
      <symbol id="sm-26c">
         <name>_sys_memory</name>
         <value>0x20200000</value>
         <object_component_ref idref="oc-24a"/>
      </symbol>
      <symbol id="sm-26d">
         <name>memalign</name>
         <value>0x1a7d</value>
         <object_component_ref idref="oc-24d"/>
      </symbol>
      <symbol id="sm-282">
         <name>strtod</name>
         <value>0xed9</value>
         <object_component_ref idref="oc-118"/>
      </symbol>
      <symbol id="sm-283">
         <name>strtold</name>
         <value>0xed9</value>
         <object_component_ref idref="oc-118"/>
      </symbol>
      <symbol id="sm-28f">
         <name>strtok</name>
         <value>0x34c5</value>
         <object_component_ref idref="oc-10c"/>
      </symbol>
      <symbol id="sm-29a">
         <name>_c_int00_noargs</name>
         <value>0x39b5</value>
         <object_component_ref idref="oc-62"/>
      </symbol>
      <symbol id="sm-29b">
         <name>__stack</name>
         <value>0x20207e00</value>
         <object_component_ref idref="oc-1a"/>
      </symbol>
      <symbol id="sm-2a7">
         <name>__TI_auto_init_nobinit_nopinit</name>
         <value>0x36c9</value>
         <object_component_ref idref="oc-d4"/>
      </symbol>
      <symbol id="sm-2af">
         <name>_system_pre_init</name>
         <value>0x3cfd</value>
         <object_component_ref idref="oc-85"/>
      </symbol>
      <symbol id="sm-2ba">
         <name>__TI_zero_init</name>
         <value>0x3c21</value>
         <object_component_ref idref="oc-5f"/>
      </symbol>
      <symbol id="sm-2c3">
         <name>__TI_decompress_none</name>
         <value>0x3bff</value>
         <object_component_ref idref="oc-20"/>
      </symbol>
      <symbol id="sm-2ce">
         <name>__TI_decompress_lzss</name>
         <value>0x2715</value>
         <object_component_ref idref="oc-1c"/>
      </symbol>
      <symbol id="sm-2d8">
         <name>__TI_doflush</name>
         <value>0x31cd</value>
         <object_component_ref idref="oc-143"/>
      </symbol>
      <symbol id="sm-2e3">
         <name>__TI_cleanup</name>
         <value>0x37b1</value>
         <object_component_ref idref="oc-20a"/>
      </symbol>
      <symbol id="sm-2f0">
         <name>fseek</name>
         <value>0x3ce9</value>
         <object_component_ref idref="oc-1ac"/>
      </symbol>
      <symbol id="sm-2f1">
         <name>fseeko</name>
         <value>0x2b19</value>
         <object_component_ref idref="oc-200"/>
      </symbol>
      <symbol id="sm-2f2">
         <name>__aeabi_ctype_table_</name>
         <value>0x3d10</value>
         <object_component_ref idref="oc-176"/>
      </symbol>
      <symbol id="sm-2f3">
         <name>__aeabi_ctype_table_C</name>
         <value>0x3d10</value>
         <object_component_ref idref="oc-176"/>
      </symbol>
      <symbol id="sm-2fd">
         <name>strcspn</name>
         <value>0x3a95</value>
         <object_component_ref idref="oc-16e"/>
      </symbol>
      <symbol id="sm-306">
         <name>strspn</name>
         <value>0x39dd</value>
         <object_component_ref idref="oc-16a"/>
      </symbol>
      <symbol id="sm-311">
         <name>__TI_closefile</name>
         <value>0x2699</value>
         <object_component_ref idref="oc-24e"/>
      </symbol>
      <symbol id="sm-31b">
         <name>write</name>
         <value>0x398d</value>
         <object_component_ref idref="oc-13f"/>
      </symbol>
      <symbol id="sm-320">
         <name>_device</name>
         <value>0x20200fc0</value>
         <object_component_ref idref="oc-213"/>
      </symbol>
      <symbol id="sm-321">
         <name>_stream</name>
         <value>0x20201038</value>
         <object_component_ref idref="oc-1b8"/>
      </symbol>
      <symbol id="sm-32a">
         <name>remove</name>
         <value>0x3cf1</value>
         <object_component_ref idref="oc-294"/>
      </symbol>
      <symbol id="sm-335">
         <name>lseek</name>
         <value>0x3965</value>
         <object_component_ref idref="oc-243"/>
      </symbol>
      <symbol id="sm-33f">
         <name>close</name>
         <value>0x3271</value>
         <object_component_ref idref="oc-290"/>
      </symbol>
      <symbol id="sm-349">
         <name>unlink</name>
         <value>0x3911</value>
         <object_component_ref idref="oc-2be"/>
      </symbol>
      <symbol id="sm-353">
         <name>HOSTclose</name>
         <value>0x33ed</value>
         <object_component_ref idref="oc-25b"/>
      </symbol>
      <symbol id="sm-35d">
         <name>HOSTlseek</name>
         <value>0x29d5</value>
         <object_component_ref idref="oc-267"/>
      </symbol>
      <symbol id="sm-367">
         <name>HOSTopen</name>
         <value>0x2e4d</value>
         <object_component_ref idref="oc-257"/>
      </symbol>
      <symbol id="sm-368">
         <name>parmbuf</name>
         <value>0x20200e40</value>
         <object_component_ref idref="oc-2a2"/>
      </symbol>
      <symbol id="sm-372">
         <name>HOSTread</name>
         <value>0x2fc1</value>
         <object_component_ref idref="oc-25f"/>
      </symbol>
      <symbol id="sm-383">
         <name>HOSTrename</name>
         <value>0x2a41</value>
         <object_component_ref idref="oc-26f"/>
      </symbol>
      <symbol id="sm-38d">
         <name>HOSTunlink</name>
         <value>0x3435</value>
         <object_component_ref idref="oc-26b"/>
      </symbol>
      <symbol id="sm-397">
         <name>HOSTwrite</name>
         <value>0x3019</value>
         <object_component_ref idref="oc-263"/>
      </symbol>
      <symbol id="sm-3a5">
         <name>C$$IO$$</name>
         <value>0x3845</value>
         <object_component_ref idref="oc-29b"/>
      </symbol>
      <symbol id="sm-3a6">
         <name>__TI_writemsg</name>
         <value>0x3819</value>
         <object_component_ref idref="oc-29b"/>
      </symbol>
      <symbol id="sm-3a7">
         <name>__CIOBUF_</name>
         <value>0x20200800</value>
         <object_component_ref idref="oc-2c5"/>
      </symbol>
      <symbol id="sm-3a8">
         <name>__TI_readmsg</name>
         <value>0x37e5</value>
         <object_component_ref idref="oc-2a1"/>
      </symbol>
      <symbol id="sm-3a9">
         <name>_CIOBUF_</name>
         <value>0x20200800</value>
         <object_component_ref idref="oc-2c5"/>
      </symbol>
      <symbol id="sm-3af">
         <name>__aeabi_dadd</name>
         <value>0x1697</value>
         <object_component_ref idref="oc-180"/>
      </symbol>
      <symbol id="sm-3b0">
         <name>__adddf3</name>
         <value>0x1697</value>
         <object_component_ref idref="oc-180"/>
      </symbol>
      <symbol id="sm-3b1">
         <name>__aeabi_dsub</name>
         <value>0x168d</value>
         <object_component_ref idref="oc-180"/>
      </symbol>
      <symbol id="sm-3b2">
         <name>__subdf3</name>
         <value>0x168d</value>
         <object_component_ref idref="oc-180"/>
      </symbol>
      <symbol id="sm-3bb">
         <name>__aeabi_dmul</name>
         <value>0x2231</value>
         <object_component_ref idref="oc-17c"/>
      </symbol>
      <symbol id="sm-3bc">
         <name>__muldf3</name>
         <value>0x2231</value>
         <object_component_ref idref="oc-17c"/>
      </symbol>
      <symbol id="sm-3c2">
         <name>__muldsi3</name>
         <value>0x3705</value>
         <object_component_ref idref="oc-1cc"/>
      </symbol>
      <symbol id="sm-3c8">
         <name>__aeabi_ddiv</name>
         <value>0x1b91</value>
         <object_component_ref idref="oc-191"/>
      </symbol>
      <symbol id="sm-3c9">
         <name>__divdf3</name>
         <value>0x1b91</value>
         <object_component_ref idref="oc-191"/>
      </symbol>
      <symbol id="sm-3cf">
         <name>__aeabi_f2d</name>
         <value>0x3591</value>
         <object_component_ref idref="oc-bc"/>
      </symbol>
      <symbol id="sm-3d0">
         <name>__extendsfdf2</name>
         <value>0x3591</value>
         <object_component_ref idref="oc-bc"/>
      </symbol>
      <symbol id="sm-3d6">
         <name>__aeabi_d2iz</name>
         <value>0x3359</value>
         <object_component_ref idref="oc-230"/>
      </symbol>
      <symbol id="sm-3d7">
         <name>__fixdfsi</name>
         <value>0x3359</value>
         <object_component_ref idref="oc-230"/>
      </symbol>
      <symbol id="sm-3dd">
         <name>__aeabi_i2d</name>
         <value>0x38e5</value>
         <object_component_ref idref="oc-238"/>
      </symbol>
      <symbol id="sm-3de">
         <name>__floatsidf</name>
         <value>0x38e5</value>
         <object_component_ref idref="oc-238"/>
      </symbol>
      <symbol id="sm-3e4">
         <name>__aeabi_lmul</name>
         <value>0x3a4d</value>
         <object_component_ref idref="oc-1f3"/>
      </symbol>
      <symbol id="sm-3e5">
         <name>__muldi3</name>
         <value>0x3a4d</value>
         <object_component_ref idref="oc-1f3"/>
      </symbol>
      <symbol id="sm-3ec">
         <name>__aeabi_d2f</name>
         <value>0x2881</value>
         <object_component_ref idref="oc-11e"/>
      </symbol>
      <symbol id="sm-3ed">
         <name>__truncdfsf2</name>
         <value>0x2881</value>
         <object_component_ref idref="oc-11e"/>
      </symbol>
      <symbol id="sm-3f3">
         <name>__aeabi_dcmpeq</name>
         <value>0x2d89</value>
         <object_component_ref idref="oc-184"/>
      </symbol>
      <symbol id="sm-3f4">
         <name>__aeabi_dcmplt</name>
         <value>0x2d9d</value>
         <object_component_ref idref="oc-184"/>
      </symbol>
      <symbol id="sm-3f5">
         <name>__aeabi_dcmple</name>
         <value>0x2db1</value>
         <object_component_ref idref="oc-184"/>
      </symbol>
      <symbol id="sm-3f6">
         <name>__aeabi_dcmpge</name>
         <value>0x2dc5</value>
         <object_component_ref idref="oc-184"/>
      </symbol>
      <symbol id="sm-3f7">
         <name>__aeabi_dcmpgt</name>
         <value>0x2dd9</value>
         <object_component_ref idref="oc-184"/>
      </symbol>
      <symbol id="sm-3fd">
         <name>__aeabi_idiv</name>
         <value>0x3121</value>
         <object_component_ref idref="oc-282"/>
      </symbol>
      <symbol id="sm-3fe">
         <name>__aeabi_idivmod</name>
         <value>0x3121</value>
         <object_component_ref idref="oc-282"/>
      </symbol>
      <symbol id="sm-404">
         <name>__aeabi_memcpy</name>
         <value>0x3cd1</value>
         <object_component_ref idref="oc-52"/>
      </symbol>
      <symbol id="sm-405">
         <name>__aeabi_memcpy4</name>
         <value>0x3cd1</value>
         <object_component_ref idref="oc-52"/>
      </symbol>
      <symbol id="sm-406">
         <name>__aeabi_memcpy8</name>
         <value>0x3cd1</value>
         <object_component_ref idref="oc-52"/>
      </symbol>
      <symbol id="sm-40f">
         <name>__aeabi_memset</name>
         <value>0x3c41</value>
         <object_component_ref idref="oc-1e3"/>
      </symbol>
      <symbol id="sm-410">
         <name>__aeabi_memset4</name>
         <value>0x3c41</value>
         <object_component_ref idref="oc-1e3"/>
      </symbol>
      <symbol id="sm-411">
         <name>__aeabi_memset8</name>
         <value>0x3c41</value>
         <object_component_ref idref="oc-1e3"/>
      </symbol>
      <symbol id="sm-412">
         <name>__aeabi_memclr</name>
         <value>0x3c79</value>
         <object_component_ref idref="oc-80"/>
      </symbol>
      <symbol id="sm-413">
         <name>__aeabi_memclr4</name>
         <value>0x3c79</value>
         <object_component_ref idref="oc-80"/>
      </symbol>
      <symbol id="sm-414">
         <name>__aeabi_memclr8</name>
         <value>0x3c79</value>
         <object_component_ref idref="oc-80"/>
      </symbol>
      <symbol id="sm-41a">
         <name>__aeabi_uidiv</name>
         <value>0x3551</value>
         <object_component_ref idref="oc-1e9"/>
      </symbol>
      <symbol id="sm-41b">
         <name>__aeabi_uidivmod</name>
         <value>0x3551</value>
         <object_component_ref idref="oc-1e9"/>
      </symbol>
      <symbol id="sm-421">
         <name>__aeabi_uldivmod</name>
         <value>0x3bc5</value>
         <object_component_ref idref="oc-1f8"/>
      </symbol>
      <symbol id="sm-427">
         <name>__udivmoddi4</name>
         <value>0x24cd</value>
         <object_component_ref idref="oc-227"/>
      </symbol>
      <symbol id="sm-42d">
         <name>__aeabi_llsl</name>
         <value>0x3b1d</value>
         <object_component_ref idref="oc-279"/>
      </symbol>
      <symbol id="sm-42e">
         <name>__ashldi3</name>
         <value>0x3b1d</value>
         <object_component_ref idref="oc-279"/>
      </symbol>
      <symbol id="sm-43c">
         <name>__ledf2</name>
         <value>0x2bf1</value>
         <object_component_ref idref="oc-1d2"/>
      </symbol>
      <symbol id="sm-43d">
         <name>__gedf2</name>
         <value>0x2805</value>
         <object_component_ref idref="oc-1d8"/>
      </symbol>
      <symbol id="sm-43e">
         <name>__cmpdf2</name>
         <value>0x2bf1</value>
         <object_component_ref idref="oc-1d2"/>
      </symbol>
      <symbol id="sm-43f">
         <name>__eqdf2</name>
         <value>0x2bf1</value>
         <object_component_ref idref="oc-1d2"/>
      </symbol>
      <symbol id="sm-440">
         <name>__ltdf2</name>
         <value>0x2bf1</value>
         <object_component_ref idref="oc-1d2"/>
      </symbol>
      <symbol id="sm-441">
         <name>__nedf2</name>
         <value>0x2bf1</value>
         <object_component_ref idref="oc-1d2"/>
      </symbol>
      <symbol id="sm-442">
         <name>__gtdf2</name>
         <value>0x2805</value>
         <object_component_ref idref="oc-1d8"/>
      </symbol>
      <symbol id="sm-44e">
         <name>__aeabi_idiv0</name>
         <value>0x2d23</value>
         <object_component_ref idref="oc-21d"/>
      </symbol>
      <symbol id="sm-44f">
         <name>__aeabi_ldiv0</name>
         <value>0x3177</value>
         <object_component_ref idref="oc-278"/>
      </symbol>
      <symbol id="sm-45d">
         <name>finddevice</name>
         <value>0x3881</value>
         <object_component_ref idref="oc-2d1"/>
      </symbol>
      <symbol id="sm-45e">
         <name>getdevice</name>
         <value>0x2b85</value>
         <object_component_ref idref="oc-2c8"/>
      </symbol>
      <symbol id="sm-477">
         <name>memcpy</name>
         <value>0x256f</value>
         <object_component_ref idref="oc-a0"/>
      </symbol>
      <symbol id="sm-486">
         <name>memset</name>
         <value>0x2deb</value>
         <object_component_ref idref="oc-ec"/>
      </symbol>
      <symbol id="sm-48e">
         <name>strcmp</name>
         <value>0x2611</value>
         <object_component_ref idref="oc-2d4"/>
      </symbol>
      <symbol id="sm-48f">
         <name>__TI_static_base__</name>
         <value>0x0</value>
      </symbol>
      <symbol id="sm-493">
         <name>__mpu_init</name>
         <value>0x0</value>
      </symbol>
      <symbol id="sm-494">
         <name>_system_post_cinit</name>
         <value>0x0</value>
      </symbol>
   </symbol_table>
   <title>Link successful</title>
</link_info>
