******************************************************************************
            TI ARM Clang Linker PC v4.0.0                      
******************************************************************************
>> Linked Fri Apr 11 21:09:55 2025

OUTPUT FILE NAME:   <CarMove_USART.out>
ENTRY POINT SYMBOL: "_c_int00_noargs"  address: 000039b5


MEMORY CONFIGURATION

         name            origin    length      used     unused   attr    fill
----------------------  --------  ---------  --------  --------  ----  --------
  FLASH                 00000000   00020000  000040d0  0001bf30  R  X
  SRAM                  20200000   00008000  000012b3  00006d4d  RW X
  BCR_CONFIG            41c00000   00000080  00000000  00000080  R   
  BSL_CONFIG            41c00100   00000080  00000000  00000080  R   


SEGMENT ALLOCATION MAP

run origin  load origin   length   init length attrs members
----------  ----------- ---------- ----------- ----- -------
00000000    00000000    000040d0   000040d0    r-x
  00000000    00000000    000000c0   000000c0    r-- .intvecs
  000000c0    000000c0    00003c50   00003c50    r-x .text
  00003d10    00003d10    00000330   00000330    r-- .rodata
  00004040    00004040    00000090   00000090    r-- .cinit
20200000    20200000    000010b6   00000000    rw-
  20200000    20200000    00000800   00000000    rw- .sysmem
  20200800    20200800    0000064d   00000000    rw- .bss
  20200e50    20200e50    00000266   00000000    rw- .data
20207e00    20207e00    00000200   00000000    rw-
  20207e00    20207e00    00000200   00000000    rw- .stack


SECTION ALLOCATION MAP

 output                                  attributes/
section   page    origin      length       input sections
--------  ----  ----------  ----------   ----------------
.intvecs   0    00000000    000000c0     
                  00000000    000000c0     startup_mspm0g350x_ticlang.o (.intvecs)

.text      0    000000c0    00003c50     
                  000000c0    000009d0     libc.a : _printfi.c.obj (.text:__TI_printfi)
                  00000a90    00000448     app_motor_usart.o (.text.Deal_data_real)
                  00000ed8    000003b8     libc.a : strtod.c.obj (.text.strtod)
                  00001290    00000220            : _printfi.c.obj (.text._pconv_a)
                  000014b0    000001dc            : _printfi.c.obj (.text._pconv_g)
                  0000168c    00000192     libclang_rt.builtins.a : adddf3.S.obj (.text.adddf3_subdf3)
                  0000181e    00000002     startup_mspm0g350x_ticlang.o (.text.Default_Handler)
                  00001820    0000013c     libc.a : _printfi.c.obj (.text.fcvt)
                  0000195c    00000120            : _printfi.c.obj (.text._pconv_e)
                  00001a7c    00000114            : memory.c.obj (.text.aligned_alloc)
                  00001b90    0000010c     libclang_rt.builtins.a : divdf3.S.obj (.text.__divdf3)
                  00001c9c    00000100     empty.o (.text.main)
                  00001d9c    000000f8     libc.a : fputs.c.obj (.text.fputs)
                  00001e94    000000e8     driverlib.a : dl_timer.o (.text.DL_Timer_initTimerMode)
                  00001f7c    000000e8     empty.o (.text.Parse_Command)
                  00002064    000000e8     libc.a : memory.c.obj (.text.free)
                  0000214c    000000e4     bsp_motor_usart.o (.text.Send_Motor_ArrayU8)
                  00002230    000000e4     libclang_rt.builtins.a : muldf3.S.obj (.text.__muldf3)
                  00002314    000000e0     libc.a : setvbuf.c.obj (.text.setvbuf)
                  000023f4    000000d8            : s_scalbn.c.obj (.text.scalbn)
                  000024cc    000000a2     libclang_rt.builtins.a : udivmoddi4.S.obj (.text)
                  0000256e    0000009a     libc.a : memcpy16.S.obj (.text:memcpy)
                  00002608    00000008            : strtod.c.obj (.text.OUTLINED_FUNCTION_0)
                  00002610    00000088            : strcmp-armv6m.S.obj (.text:strcmp)
                  00002698    0000007c            : fclose.c.obj (.text.__TI_closefile)
                  00002714    0000007c            : copy_decompress_lzss.c.obj (.text:decompress:lzss)
                  00002790    00000074     app_motor_usart.o (.text.Deal_Control_Rxtemp)
                  00002804    00000074     libclang_rt.builtins.a : comparedf2.c.obj (.text.__gedf2)
                  00002878    00000008     libc.a : strtod.c.obj (.text.OUTLINED_FUNCTION_1)
                  00002880    00000074     libclang_rt.builtins.a : truncdfsf2.S.obj (.text.__truncdfsf2)
                  000028f4    00000070     ti_msp_dl_config.o (.text.SYSCFG_DL_UART_0_init)
                  00002964    00000070     ti_msp_dl_config.o (.text.SYSCFG_DL_UART_1_init)
                  000029d4    0000006c     libsysbm.a : hostlseek.c.obj (.text.HOSTlseek)
                  00002a40    0000006c                : hostrename.c.obj (.text.HOSTrename)
                  00002aac    0000006c     ti_msp_dl_config.o (.text.SYSCFG_DL_UART_3_init)
                  00002b18    0000006c     libc.a : fseek.c.obj (.text.fseeko)
                  00002b84    0000006c            : getdevice.c.obj (.text.getdevice)
                  00002bf0    00000068     libclang_rt.builtins.a : comparedf2.c.obj (.text.__ledf2)
                  00002c58    00000066     libc.a : _printfi.c.obj (.text._mcpy)
                  00002cbe    00000064            : _io_perm.c.obj (.text.__TI_wrt_ok)
                  00002d22    00000002     libclang_rt.builtins.a : aeabi_div0.c.obj (.text.__aeabi_idiv0)
                  00002d24    00000064     libc.a : memory.c.obj (.text.split)
                  00002d88    00000062     libclang_rt.builtins.a : aeabi_dcmp.S.obj (.text.__aeabi_dcmp)
                  00002dea    00000062     libc.a : memset16.S.obj (.text:memset)
                  00002e4c    00000060     libsysbm.a : hostopen.c.obj (.text.HOSTopen)
                  00002eac    0000005c     empty.o (.text.UART3_IRQHandler)
                  00002f08    0000005c     libc.a : s_frexp.c.obj (.text.frexp)
                  00002f64    0000005c            : printf.c.obj (.text.printf)
                  00002fc0    00000058     libsysbm.a : hostread.c.obj (.text.HOSTread)
                  00003018    00000058                : hostwrite.c.obj (.text.HOSTwrite)
                  00003070    00000058     libc.a : _ltoa.c.obj (.text.__TI_ltoa)
                  000030c8    00000058            : _printfi.c.obj (.text._pconv_f)
                  00003120    00000056     libclang_rt.builtins.a : aeabi_idivmod.S.obj (.text.__aeabi_idivmod)
                  00003176    00000002                            : aeabi_div0.c.obj (.text.__aeabi_ldiv0)
                  00003178    00000054     ti_msp_dl_config.o (.text.SYSCFG_DL_initPower)
                  000031cc    00000052     libc.a : fflush.c.obj (.text.__TI_doflush)
                  0000321e    00000052            : _printfi.c.obj (.text._ecpy)
                  00003270    00000050     libsysbm.a : close.c.obj (.text.close)
                  000032c0    0000004c     app_motor_usart.o (.text.Contrl_Pwm)
                  0000330c    0000004c     app_motor_usart.o (.text.Contrl_Speed)
                  00003358    0000004a     libclang_rt.builtins.a : fixdfsi.S.obj (.text.__fixdfsi)
                  000033a2    00000002     libc.a : _lock.c.obj (.text._nop)
                  000033a4    00000048     driverlib.a : dl_uart.o (.text.DL_UART_init)
                  000033ec    00000048     libsysbm.a : hostclose.c.obj (.text.HOSTclose)
                  00003434    00000048                : hostunlink.c.obj (.text.HOSTunlink)
                  0000347c    00000048     app_motor_usart.o (.text.send_upload_data)
                  000034c4    00000048     libc.a : strtok.c.obj (.text.strtok)
                  0000350c    00000044     usart.o (.text.UART0_IRQHandler)
                  00003550    00000040     libclang_rt.builtins.a : aeabi_uidivmod.S.obj (.text.__aeabi_uidivmod)
                  00003590    00000040                            : extendsfdf2.S.obj (.text.__extendsfdf2)
                  000035d0    00000040     libc.a : atoi.c.obj (.text.atoi)
                  00003610    00000040     delay.o (.text.delay_ms)
                  00003650    0000003c     ti_msp_dl_config.o (.text.SYSCFG_DL_SYSCTL_init)
                  0000368c    0000003c     ti_msp_dl_config.o (.text.SYSCFG_DL_init)
                  000036c8    0000003c     libc.a : autoinit.c.obj (.text:__TI_auto_init_nobinit_nopinit)
                  00003704    0000003a     libclang_rt.builtins.a : muldsi3.S.obj (.text.__muldsi3)
                  0000373e    00000002     --HOLE-- [fill = 0]
                  00003740    00000038     ti_msp_dl_config.o (.text.SYSCFG_DL_TIMER_0_init)
                  00003778    00000038     libc.a : sprintf.c.obj (.text.sprintf)
                  000037b0    00000034            : fopen.c.obj (.text.__TI_cleanup)
                  000037e4    00000034     libsysbm.a : trgmsg.c.obj (.text.__TI_readmsg)
                  00003818    00000034                : trgmsg.c.obj (.text.__TI_writemsg)
                  0000384c    00000034     libc.a : exit.c.obj (.text.exit)
                  00003880    00000034            : getdevice.c.obj (.text.finddevice)
                  000038b4    00000030            : _printfi.c.obj (.text._fcpy)
                  000038e4    0000002c     libclang_rt.builtins.a : floatsidf.S.obj (.text.__floatsidf)
                  00003910    0000002c     libsysbm.a : unlink.c.obj (.text.unlink)
                  0000393c    00000028     libc.a : memory.c.obj (.text.free_list_insert)
                  00003964    00000028     libsysbm.a : lseek.c.obj (.text.lseek)
                  0000398c    00000028                : write.c.obj (.text.write)
                  000039b4    00000028     libc.a : boot_cortex_m.c.obj (.text:_c_int00_noargs)
                  000039dc    00000026            : strspn.c.obj (.text.strspn)
                  00003a02    00000002     --HOLE-- [fill = 0]
                  00003a04    00000024     ti_msp_dl_config.o (.text.SYSCFG_DL_GPIO_init)
                  00003a28    00000024     usart.o (.text.USART_Init)
                  00003a4c    00000024     libclang_rt.builtins.a : muldi3.S.obj (.text.__muldi3)
                  00003a70    00000024     libc.a : fputs.c.obj (.text.puts)
                  00003a94    00000024            : strcspn.c.obj (.text.strcspn)
                  00003ab8    00000022            : memccpy.c.obj (.text.memccpy)
                  00003ada    00000002     --HOLE-- [fill = 0]
                  00003adc    00000020     bsp_motor_usart.o (.text.UART1_IRQHandler)
                  00003afc    00000020     usart.o (.text.fputc)
                  00003b1c    0000001e     libclang_rt.builtins.a : ashldi3.S.obj (.text.__ashldi3)
                  00003b3a    00000002     --HOLE-- [fill = 0]
                  00003b3c    0000001c     driverlib.a : dl_timer.o (.text.DL_Timer_setClockConfig)
                  00003b58    0000001c     ti_msp_dl_config.o (.text.SYSCFG_DL_SYSTICK_init)
                  00003b74    0000001c     empty.o (.text.TIMA0_IRQHandler)
                  00003b90    0000001c     libc.a : memory.c.obj (.text.free_list_remove)
                  00003bac    00000018            : sprintf.c.obj (.text._outs)
                  00003bc4    00000014     libclang_rt.builtins.a : aeabi_uldivmod.S.obj (.text.__aeabi_uldivmod)
                  00003bd8    00000014     libc.a : _printfi.c.obj (.text.strchr)
                  00003bec    00000012     driverlib.a : dl_uart.o (.text.DL_UART_setClockConfig)
                  00003bfe    00000012     libc.a : copy_decompress_none.c.obj (.text:decompress:none)
                  00003c10    00000010            : wcslen.c.obj (.text.wcslen)
                  00003c20    00000010            : copy_zero_init.c.obj (.text:decompress:ZI)
                  00003c30    0000000e            : memory.c.obj (.text.OUTLINED_FUNCTION_0)
                  00003c3e    00000002     --HOLE-- [fill = 0]
                  00003c40    0000000e     libclang_rt.builtins.a : aeabi_memset.S.obj (.text.__aeabi_memset)
                  00003c4e    0000000e     libsysbm.a : hostrename.c.obj (.text.strcpy)
                  00003c5c    0000000e     libc.a : _printfi.c.obj (.text.strlen)
                  00003c6a    0000000e     libsysbm.a : hostrename.c.obj (.text.strlen)
                  00003c78    0000000c     libclang_rt.builtins.a : aeabi_memset.S.obj (.text.__aeabi_memclr)
                  00003c84    0000000c     libc.a : memory.c.obj (.text.malloc)
                  00003c90    0000000a     driverlib.a : dl_common.o (.text.DL_Common_delayCycles)
                  00003c9a    0000000a     libc.a : _printfi.c.obj (.text.OUTLINED_FUNCTION_0)
                  00003ca4    00000010     libclang_rt.builtins.a : adddf3.S.obj (.tramp.__aeabi_dsub.1)
                  00003cb4    0000000a     libc.a : _printfi.c.obj (.text.OUTLINED_FUNCTION_1)
                  00003cbe    0000000a            : sprintf.c.obj (.text._outc)
                  00003cc8    00000008            : aeabi_portable.c.obj (.text.__aeabi_errno_addr)
                  00003cd0    00000008     libclang_rt.builtins.a : aeabi_memcpy.S.obj (.text.__aeabi_memcpy)
                  00003cd8    00000008     libc.a : printf.c.obj (.text._outc)
                  00003ce0    00000008            : printf.c.obj (.text._outs)
                  00003ce8    00000008            : fseek.c.obj (.text.fseek)
                  00003cf0    00000008     libsysbm.a : remove.c.obj (.text.remove)
                  00003cf8    00000004     startup_mspm0g350x_ticlang.o (.text.Reset_Handler)
                  00003cfc    00000004     libc.a : pre_init.c.obj (.text._system_pre_init)
                  00003d00    00000004            : exit.c.obj (.text:abort)
                  00003d04    0000000c     --HOLE-- [fill = 0]

.cinit     0    00004040    00000090     
                  00004040    00000066     (.cinit..data.load) [load image, compression = lzss]
                  000040a6    00000002     --HOLE-- [fill = 0]
                  000040a8    0000000c     (__TI_handler_table)
                  000040b4    00000008     (.cinit..bss.load) [load image, compression = zero_init]
                  000040bc    00000010     (__TI_cinit_table)
                  000040cc    00000004     --HOLE-- [fill = 0]

.rodata    0    00003d10    00000330     
                  00003d10    00000101     libc.a : aeabi_ctype.S.obj (.rodata:__aeabi_ctype_table_)
                  00003e11    00000003     ti_msp_dl_config.o (.rodata.gTIMER_0ClockConfig)
                  00003e14    00000003     app_motor_usart.o (.rodata.str1.38835746890475915111)
                  00003e17    00000001     --HOLE-- [fill = 0]
                  00003e18    00000080     libc.a : strtod.c.obj (.rodata.digits)
                  00003e98    00000048            : strtod.c.obj (.rodata.powerof10)
                  00003ee0    0000002e     empty.o (.rodata.str1.121670593114885223941)
                  00003f0e    00000029     empty.o (.rodata.str1.100506750686581518081)
                  00003f37    00000022     empty.o (.rodata.str1.158377844875001402571)
                  00003f59    00000020     empty.o (.rodata.str1.17018975811555758931)
                  00003f79    00000016     empty.o (.rodata.str1.119108871064342138421)
                  00003f8f    00000001     --HOLE-- [fill = 0]
                  00003f90    00000014     ti_msp_dl_config.o (.rodata.gTIMER_0TimerConfig)
                  00003fa4    00000012     app_motor_usart.o (.rodata.str1.151009922404568866841)
                  00003fb6    00000012     app_motor_usart.o (.rodata.str1.177430081765570553101)
                  00003fc8    00000012     app_motor_usart.o (.rodata.str1.2691616975900509361)
                  00003fda    00000011     libc.a : _printfi.c.obj (.rodata.str1.103488685894817597201)
                  00003feb    00000011            : _printfi.c.obj (.rodata.str1.153638888446227384661)
                  00003ffc    00000010     empty.o (.rodata.str1.30274051275775878791)
                  0000400c    0000000a     ti_msp_dl_config.o (.rodata.gUART_0Config)
                  00004016    0000000a     ti_msp_dl_config.o (.rodata.gUART_1Config)
                  00004020    0000000a     ti_msp_dl_config.o (.rodata.gUART_3Config)
                  0000402a    00000002     ti_msp_dl_config.o (.rodata.gUART_0ClockConfig)
                  0000402c    00000002     ti_msp_dl_config.o (.rodata.gUART_1ClockConfig)
                  0000402e    00000002     ti_msp_dl_config.o (.rodata.gUART_3ClockConfig)
                  00004030    00000002     libc.a : fputs.c.obj (.rodata.str1.166077212684151853901)
                  00004032    00000002     empty.o (.rodata.str1.176633223477948356601)
                  00004034    0000000c     --HOLE-- [fill = 0]

.init_array 
*          0    00000000    00000000     UNINITIALIZED

.binit     0    00000000    00000000     

.sysmem    0    20200000    00000800     UNINITIALIZED
                  20200000    00000010     libc.a : memory.c.obj (.sysmem)
                  20200010    000007f0     --HOLE--

.bss       0    20200800    0000064d     UNINITIALIZED
                  20200800    00000120     libsysbm.a : trgmsg.c.obj (.bss:_CIOBUF_)
                  20200920    00000100     app_motor_usart.o (.bss.Deal_data_real.data)
                  20200a20    00000100     (.common:g_recv_buff)
                  20200b20    00000100     (.common:g_recv_buff_deal)
                  20200c20    000000bc     (.common:gTIMER_0Backup)
                  20200cdc    000000a0     libc.a : defs.c.obj (.bss.__TI_tmpnams)
                  20200d7c    00000032     (.common:rx_buffer)
                  20200dae    00000032     (.common:send_buff)
                  20200de0    00000030     (.common:gUART_3Backup)
                  20200e10    00000010     (.common:Encoder_Now)
                  20200e20    00000010     (.common:Encoder_Offset)
                  20200e30    00000010     (.common:g_Speed)
                  20200e40    00000008     libsysbm.a : hostopen.c.obj (.bss.parmbuf)
                  20200e48    00000004     libc.a : memory.c.obj (.bss.sys_free)
                  20200e4c    00000001     (.common:g_recv_flag)

.data      0    20200e50    00000266     UNINITIALIZED
                  20200e50    000000f0     libc.a : defs.c.obj (.data._ftable)
                  20200f40    00000080     usart.o (.data.recv0_buff)
                  20200fc0    00000078     libsysbm.a : host_device.c.obj (.data._device)
                  20201038    00000050                : host_device.c.obj (.data._stream)
                  20201088    00000008     libc.a : exit.c.obj (.data..L_MergedGlobals)
                  20201090    00000004            : defs.c.obj (.data.__TI_ft_end)
                  20201094    00000004            : aeabi_portable.c.obj (.data.__aeabi_errno)
                  20201098    00000004            : _lock.c.obj (.data._lock)
                  2020109c    00000004            : _lock.c.obj (.data._unlock)
                  202010a0    00000004            : strtok.c.obj (.data.last_end)
                  202010a4    00000004     empty.o (.data.left_speed)
                  202010a8    00000004     empty.o (.data.right_speed)
                  202010ac    00000002     app_motor_usart.o (.data.Deal_Control_Rxtemp.step)
                  202010ae    00000002     usart.o (.data.recv0_length)
                  202010b0    00000001     app_motor_usart.o (.data.Deal_Control_Rxtemp.start_flag)
                  202010b1    00000001     usart.o (.data.recv0_flag)
                  202010b2    00000001     empty.o (.data.rx_complete)
                  202010b3    00000001     empty.o (.data.rx_index)
                  202010b4    00000001     libc.a : memory.c.obj (.data.memory_is_initialized)
                  202010b5    00000001     empty.o (.data.times)

.stack     0    20207e00    00000200     UNINITIALIZED
                  20207e00    00000004     libc.a : boot_cortex_m.c.obj (.stack)
                  20207e04    000001fc     --HOLE--

__llvm_prf_cnts 
*          0    20200000    00000000     UNINITIALIZED

__llvm_prf_bits 
*          0    20200000    00000000     UNINITIALIZED

MODULE SUMMARY

       Module                         code    ro data   rw data
       ------                         ----    -------   -------
    .\
       empty.o                        608     193       61     
       startup_mspm0g350x_ticlang.o   6       192       0      
    +--+------------------------------+-------+---------+---------+
       Total:                         614     385       61     
                                                               
    .\BSP\
       app_motor_usart.o              1436    57        870    
       usart.o                        136     0         131    
       bsp_motor_usart.o              260     0         0      
       delay.o                        64      0         0      
    +--+------------------------------+-------+---------+---------+
       Total:                         1896    57        1001   
                                                               
    .\syscfg\
       ti_msp_dl_config.o             656     59        236    
    +--+------------------------------+-------+---------+---------+
       Total:                         656     59        236    
                                                               
    C:/ti/mspm0_sdk_2_02_00_05/source/ti/driverlib/lib/ticlang/m0p/mspm0g1x0x_g3x0x/driverlib.a
       dl_timer.o                     260     0         0      
       dl_uart.o                      90      0         0      
       dl_common.o                    10      0         0      
    +--+------------------------------+-------+---------+---------+
       Total:                         360     0         0      
                                                               
    C:\ti\ccstheia151\ccs\tools\compiler\ti-cgt-armllvm_4.0.0.LTS\lib\armv6m-ti-none-eabi/c/libc.a
       _printfi.c.obj                 4510    34        0      
       strtod.c.obj                   968     200       0      
       memory.c.obj                   702     0         5      
       defs.c.obj                     0       0         404    
       fputs.c.obj                    284     2         0      
       aeabi_ctype.S.obj              0       257       0      
       setvbuf.c.obj                  224     0         0      
       s_scalbn.c.obj                 216     0         0      
       getdevice.c.obj                160     0         0      
       memcpy16.S.obj                 154     0         0      
       strcmp-armv6m.S.obj            136     0         0      
       copy_decompress_lzss.c.obj     124     0         0      
       fclose.c.obj                   124     0         0      
       fseek.c.obj                    116     0         0      
       printf.c.obj                   108     0         0      
       _io_perm.c.obj                 100     0         0      
       memset16.S.obj                 98      0         0      
       s_frexp.c.obj                  92      0         0      
       sprintf.c.obj                  90      0         0      
       _ltoa.c.obj                    88      0         0      
       fflush.c.obj                   82      0         0      
       strtok.c.obj                   72      0         4      
       atoi.c.obj                     64      0         0      
       exit.c.obj                     56      0         8      
       autoinit.c.obj                 60      0         0      
       fopen.c.obj                    52      0         0      
       boot_cortex_m.c.obj            40      0         0      
       strspn.c.obj                   38      0         0      
       strcspn.c.obj                  36      0         0      
       memccpy.c.obj                  34      0         0      
       copy_decompress_none.c.obj     18      0         0      
       copy_zero_init.c.obj           16      0         0      
       wcslen.c.obj                   16      0         0      
       aeabi_portable.c.obj           8       0         4      
       _lock.c.obj                    2       0         8      
       pre_init.c.obj                 4       0         0      
    +--+------------------------------+-------+---------+---------+
       Total:                         8892    493       433    
                                                               
    C:\ti\ccstheia151\ccs\tools\compiler\ti-cgt-armllvm_4.0.0.LTS\lib\armv6m-ti-none-eabi/c/libsysbm.a
       trgmsg.c.obj                   104     0         288    
       host_device.c.obj              0       0         200    
       hostrename.c.obj               136     0         0      
       hostlseek.c.obj                108     0         0      
       hostopen.c.obj                 96      0         8      
       hostread.c.obj                 88      0         0      
       hostwrite.c.obj                88      0         0      
       close.c.obj                    80      0         0      
       hostclose.c.obj                72      0         0      
       hostunlink.c.obj               72      0         0      
       unlink.c.obj                   44      0         0      
       lseek.c.obj                    40      0         0      
       write.c.obj                    40      0         0      
       remove.c.obj                   8       0         0      
    +--+------------------------------+-------+---------+---------+
       Total:                         976     0         496    
                                                               
    C:\ti\ccstheia151\ccs\tools\compiler\ti-cgt-armllvm_4.0.0.LTS\lib\armv6m-ti-none-eabi/libclang_rt.builtins.a
       adddf3.S.obj                   418     0         0      
       divdf3.S.obj                   268     0         0      
       muldf3.S.obj                   228     0         0      
       comparedf2.c.obj               220     0         0      
       udivmoddi4.S.obj               162     0         0      
       truncdfsf2.S.obj               116     0         0      
       aeabi_dcmp.S.obj               98      0         0      
       aeabi_idivmod.S.obj            86      0         0      
       fixdfsi.S.obj                  74      0         0      
       aeabi_uidivmod.S.obj           64      0         0      
       extendsfdf2.S.obj              64      0         0      
       muldsi3.S.obj                  58      0         0      
       floatsidf.S.obj                44      0         0      
       muldi3.S.obj                   36      0         0      
       ashldi3.S.obj                  30      0         0      
       aeabi_memset.S.obj             26      0         0      
       aeabi_uldivmod.S.obj           20      0         0      
       aeabi_memcpy.S.obj             8       0         0      
       aeabi_div0.c.obj               4       0         0      
    +--+------------------------------+-------+---------+---------+
       Total:                         2024    0         0      
                                                               
       Heap:                          0       0         2048   
       Stack:                         0       0         512    
       Linker Generated:              0       138       0      
    +--+------------------------------+-------+---------+---------+
       Grand Total:                   15418   1132      4787   


LINKER GENERATED COPY TABLES

__TI_cinit_table @ 000040bc records: 2, size/record: 8, table size: 16
	.data: load addr=00004040, load size=00000066 bytes, run addr=20200e50, run size=00000266 bytes, compression=lzss
	.bss: load addr=000040b4, load size=00000008 bytes, run addr=20200800, run size=0000064d bytes, compression=zero_init


LINKER GENERATED HANDLER TABLE

__TI_handler_table @ 000040a8 records: 3, size/record: 4, table size: 12
	index: 0, handler: __TI_decompress_lzss
	index: 1, handler: __TI_decompress_none
	index: 2, handler: __TI_zero_init


FAR CALL TRAMPOLINES

callee name               trampoline name
   callee addr  tramp addr   call addr  call info
--------------  -----------  ---------  ----------------
__aeabi_dsub              $Tramp$TT$L$PI$$__aeabi_dsub
   0000168d     00003ca4     00003ca2   libc.a : _printfi.c.obj (.text.OUTLINED_FUNCTION_0)

[1 trampolines]
[1 trampoline calls]


GLOBAL SYMBOLS: SORTED ALPHABETICALLY BY Name 

address   name                          
-------   ----                          
0000181f  ADC0_IRQHandler               
0000181f  ADC1_IRQHandler               
0000181f  AES_IRQHandler                
00003d00  C$$EXIT                       
00003845  C$$IO$$                       
0000181f  CANFD0_IRQHandler             
000032c1  Contrl_Pwm                    
0000330d  Contrl_Speed                  
0000181f  DAC0_IRQHandler               
00003c91  DL_Common_delayCycles         
00001e95  DL_Timer_initTimerMode        
00003b3d  DL_Timer_setClockConfig       
000033a5  DL_UART_init                  
00003bed  DL_UART_setClockConfig        
0000181f  DMA_IRQHandler                
00002791  Deal_Control_Rxtemp           
00000a91  Deal_data_real                
0000181f  Default_Handler               
20200e10  Encoder_Now                   
20200e20  Encoder_Offset                
0000181f  GROUP0_IRQHandler             
0000181f  GROUP1_IRQHandler             
000033ed  HOSTclose                     
000029d5  HOSTlseek                     
00002e4d  HOSTopen                      
00002fc1  HOSTread                      
00002a41  HOSTrename                    
00003435  HOSTunlink                    
00003019  HOSTwrite                     
0000181f  HardFault_Handler             
0000181f  I2C0_IRQHandler               
0000181f  I2C1_IRQHandler               
0000181f  NMI_Handler                   
00001f7d  Parse_Command                 
0000181f  PendSV_Handler                
0000181f  RTC_IRQHandler                
00003cf9  Reset_Handler                 
0000181f  SPI0_IRQHandler               
0000181f  SPI1_IRQHandler               
0000181f  SVC_Handler                   
00003a05  SYSCFG_DL_GPIO_init           
00003651  SYSCFG_DL_SYSCTL_init         
00003b59  SYSCFG_DL_SYSTICK_init        
00003741  SYSCFG_DL_TIMER_0_init        
000028f5  SYSCFG_DL_UART_0_init         
00002965  SYSCFG_DL_UART_1_init         
00002aad  SYSCFG_DL_UART_3_init         
0000368d  SYSCFG_DL_init                
00003179  SYSCFG_DL_initPower           
0000214d  Send_Motor_ArrayU8            
0000181f  SysTick_Handler               
00003b75  TIMA0_IRQHandler              
0000181f  TIMA1_IRQHandler              
0000181f  TIMG0_IRQHandler              
0000181f  TIMG12_IRQHandler             
0000181f  TIMG6_IRQHandler              
0000181f  TIMG7_IRQHandler              
0000181f  TIMG8_IRQHandler              
0000350d  UART0_IRQHandler              
00003add  UART1_IRQHandler              
0000181f  UART2_IRQHandler              
00002ead  UART3_IRQHandler              
00003a29  USART_Init                    
20200800  _CIOBUF_                      
20200800  __CIOBUF_                     
20208000  __STACK_END                   
00000200  __STACK_SIZE                  
00000800  __SYSMEM_SIZE                 
00000000  __TI_ATRegion0_region_sz      
00000000  __TI_ATRegion0_src_addr       
00000000  __TI_ATRegion0_trg_addr       
00000000  __TI_ATRegion1_region_sz      
00000000  __TI_ATRegion1_src_addr       
00000000  __TI_ATRegion1_trg_addr       
00000000  __TI_ATRegion2_region_sz      
00000000  __TI_ATRegion2_src_addr       
00000000  __TI_ATRegion2_trg_addr       
000040bc  __TI_CINIT_Base               
000040cc  __TI_CINIT_Limit              
000040cc  __TI_CINIT_Warm               
000040a8  __TI_Handler_Table_Base       
000040b4  __TI_Handler_Table_Limit      
000036c9  __TI_auto_init_nobinit_nopinit
000037b1  __TI_cleanup                  
20201088  __TI_cleanup_ptr              
00002699  __TI_closefile                
00002715  __TI_decompress_lzss          
00003bff  __TI_decompress_none          
000031cd  __TI_doflush                  
2020108c  __TI_dtors_ptr                
20201090  __TI_ft_end                   
00003071  __TI_ltoa                     
ffffffff  __TI_pprof_out_hndl           
000000c1  __TI_printfi                  
ffffffff  __TI_prof_data_size           
ffffffff  __TI_prof_data_start          
000037e5  __TI_readmsg                  
00000000  __TI_static_base__            
20200cdc  __TI_tmpnams                  
00003819  __TI_writemsg                 
00002cbf  __TI_wrt_ok                   
00003c21  __TI_zero_init                
00001697  __adddf3                      
00003d10  __aeabi_ctype_table_          
00003d10  __aeabi_ctype_table_C         
00002881  __aeabi_d2f                   
00003359  __aeabi_d2iz                  
00001697  __aeabi_dadd                  
00002d89  __aeabi_dcmpeq                
00002dc5  __aeabi_dcmpge                
00002dd9  __aeabi_dcmpgt                
00002db1  __aeabi_dcmple                
00002d9d  __aeabi_dcmplt                
00001b91  __aeabi_ddiv                  
00002231  __aeabi_dmul                  
0000168d  __aeabi_dsub                  
20201094  __aeabi_errno                 
00003cc9  __aeabi_errno_addr            
00003591  __aeabi_f2d                   
000038e5  __aeabi_i2d                   
00003121  __aeabi_idiv                  
00002d23  __aeabi_idiv0                 
00003121  __aeabi_idivmod               
00003177  __aeabi_ldiv0                 
00003b1d  __aeabi_llsl                  
00003a4d  __aeabi_lmul                  
00003c79  __aeabi_memclr                
00003c79  __aeabi_memclr4               
00003c79  __aeabi_memclr8               
00003cd1  __aeabi_memcpy                
00003cd1  __aeabi_memcpy4               
00003cd1  __aeabi_memcpy8               
00003c41  __aeabi_memset                
00003c41  __aeabi_memset4               
00003c41  __aeabi_memset8               
00003551  __aeabi_uidiv                 
00003551  __aeabi_uidivmod              
00003bc5  __aeabi_uldivmod              
00003b1d  __ashldi3                     
ffffffff  __binit__                     
00002bf1  __cmpdf2                      
00001b91  __divdf3                      
00002bf1  __eqdf2                       
00003591  __extendsfdf2                 
00003359  __fixdfsi                     
000038e5  __floatsidf                   
00002805  __gedf2                       
00002805  __gtdf2                       
00002bf1  __ledf2                       
00002bf1  __ltdf2                       
UNDEFED   __mpu_init                    
00002231  __muldf3                      
00003a4d  __muldi3                      
00003705  __muldsi3                     
00002bf1  __nedf2                       
20207e00  __stack                       
20200000  __start___llvm_prf_bits       
20200000  __start___llvm_prf_cnts       
20200000  __stop___llvm_prf_bits        
20200000  __stop___llvm_prf_cnts        
0000168d  __subdf3                      
00002881  __truncdfsf2                  
000024cd  __udivmoddi4                  
000039b5  _c_int00_noargs               
20200fc0  _device                       
20200e50  _ftable                       
20201098  _lock                         
000033a3  _nop                          
20201038  _stream                       
20200000  _sys_memory                   
UNDEFED   _system_post_cinit            
00003cfd  _system_pre_init              
2020109c  _unlock                       
00003d01  abort                         
00001a7d  aligned_alloc                 
000035d1  atoi                          
ffffffff  binit                         
00003271  close                         
00003611  delay_ms                      
0000384d  exit                          
00003881  finddevice                    
00003afd  fputc                         
00001d9d  fputs                         
00002065  free                          
00002f09  frexp                         
00002f09  frexpl                        
00003ce9  fseek                         
00002b19  fseeko                        
20200c20  gTIMER_0Backup                
20200de0  gUART_3Backup                 
20200e30  g_Speed                       
20200a20  g_recv_buff                   
20200b20  g_recv_buff_deal              
20200e4c  g_recv_flag                   
00002b85  getdevice                     
00000000  interruptVectors              
000023f5  ldexp                         
000023f5  ldexpl                        
202010a4  left_speed                    
00003965  lseek                         
00001c9d  main                          
00003c85  malloc                        
00001a7d  memalign                      
00003ab9  memccpy                       
0000256f  memcpy                        
00002deb  memset                        
20200e40  parmbuf                       
00002f65  printf                        
00003a71  puts                          
20200f40  recv0_buff                    
202010b1  recv0_flag                    
202010ae  recv0_length                  
00003cf1  remove                        
202010a8  right_speed                   
20200d7c  rx_buffer                     
202010b2  rx_complete                   
202010b3  rx_index                      
000023f5  scalbn                        
000023f5  scalbnl                       
20200dae  send_buff                     
0000347d  send_upload_data              
00002315  setvbuf                       
00003779  sprintf                       
00002611  strcmp                        
00003a95  strcspn                       
000039dd  strspn                        
00000ed9  strtod                        
000034c5  strtok                        
00000ed9  strtold                       
202010b5  times                         
00003911  unlink                        
00003c11  wcslen                        
0000398d  write                         


GLOBAL SYMBOLS: SORTED BY Symbol Address 

address   name                          
-------   ----                          
00000000  __TI_ATRegion0_region_sz      
00000000  __TI_ATRegion0_src_addr       
00000000  __TI_ATRegion0_trg_addr       
00000000  __TI_ATRegion1_region_sz      
00000000  __TI_ATRegion1_src_addr       
00000000  __TI_ATRegion1_trg_addr       
00000000  __TI_ATRegion2_region_sz      
00000000  __TI_ATRegion2_src_addr       
00000000  __TI_ATRegion2_trg_addr       
00000000  __TI_static_base__            
00000000  interruptVectors              
000000c1  __TI_printfi                  
00000200  __STACK_SIZE                  
00000800  __SYSMEM_SIZE                 
00000a91  Deal_data_real                
00000ed9  strtod                        
00000ed9  strtold                       
0000168d  __aeabi_dsub                  
0000168d  __subdf3                      
00001697  __adddf3                      
00001697  __aeabi_dadd                  
0000181f  ADC0_IRQHandler               
0000181f  ADC1_IRQHandler               
0000181f  AES_IRQHandler                
0000181f  CANFD0_IRQHandler             
0000181f  DAC0_IRQHandler               
0000181f  DMA_IRQHandler                
0000181f  Default_Handler               
0000181f  GROUP0_IRQHandler             
0000181f  GROUP1_IRQHandler             
0000181f  HardFault_Handler             
0000181f  I2C0_IRQHandler               
0000181f  I2C1_IRQHandler               
0000181f  NMI_Handler                   
0000181f  PendSV_Handler                
0000181f  RTC_IRQHandler                
0000181f  SPI0_IRQHandler               
0000181f  SPI1_IRQHandler               
0000181f  SVC_Handler                   
0000181f  SysTick_Handler               
0000181f  TIMA1_IRQHandler              
0000181f  TIMG0_IRQHandler              
0000181f  TIMG12_IRQHandler             
0000181f  TIMG6_IRQHandler              
0000181f  TIMG7_IRQHandler              
0000181f  TIMG8_IRQHandler              
0000181f  UART2_IRQHandler              
00001a7d  aligned_alloc                 
00001a7d  memalign                      
00001b91  __aeabi_ddiv                  
00001b91  __divdf3                      
00001c9d  main                          
00001d9d  fputs                         
00001e95  DL_Timer_initTimerMode        
00001f7d  Parse_Command                 
00002065  free                          
0000214d  Send_Motor_ArrayU8            
00002231  __aeabi_dmul                  
00002231  __muldf3                      
00002315  setvbuf                       
000023f5  ldexp                         
000023f5  ldexpl                        
000023f5  scalbn                        
000023f5  scalbnl                       
000024cd  __udivmoddi4                  
0000256f  memcpy                        
00002611  strcmp                        
00002699  __TI_closefile                
00002715  __TI_decompress_lzss          
00002791  Deal_Control_Rxtemp           
00002805  __gedf2                       
00002805  __gtdf2                       
00002881  __aeabi_d2f                   
00002881  __truncdfsf2                  
000028f5  SYSCFG_DL_UART_0_init         
00002965  SYSCFG_DL_UART_1_init         
000029d5  HOSTlseek                     
00002a41  HOSTrename                    
00002aad  SYSCFG_DL_UART_3_init         
00002b19  fseeko                        
00002b85  getdevice                     
00002bf1  __cmpdf2                      
00002bf1  __eqdf2                       
00002bf1  __ledf2                       
00002bf1  __ltdf2                       
00002bf1  __nedf2                       
00002cbf  __TI_wrt_ok                   
00002d23  __aeabi_idiv0                 
00002d89  __aeabi_dcmpeq                
00002d9d  __aeabi_dcmplt                
00002db1  __aeabi_dcmple                
00002dc5  __aeabi_dcmpge                
00002dd9  __aeabi_dcmpgt                
00002deb  memset                        
00002e4d  HOSTopen                      
00002ead  UART3_IRQHandler              
00002f09  frexp                         
00002f09  frexpl                        
00002f65  printf                        
00002fc1  HOSTread                      
00003019  HOSTwrite                     
00003071  __TI_ltoa                     
00003121  __aeabi_idiv                  
00003121  __aeabi_idivmod               
00003177  __aeabi_ldiv0                 
00003179  SYSCFG_DL_initPower           
000031cd  __TI_doflush                  
00003271  close                         
000032c1  Contrl_Pwm                    
0000330d  Contrl_Speed                  
00003359  __aeabi_d2iz                  
00003359  __fixdfsi                     
000033a3  _nop                          
000033a5  DL_UART_init                  
000033ed  HOSTclose                     
00003435  HOSTunlink                    
0000347d  send_upload_data              
000034c5  strtok                        
0000350d  UART0_IRQHandler              
00003551  __aeabi_uidiv                 
00003551  __aeabi_uidivmod              
00003591  __aeabi_f2d                   
00003591  __extendsfdf2                 
000035d1  atoi                          
00003611  delay_ms                      
00003651  SYSCFG_DL_SYSCTL_init         
0000368d  SYSCFG_DL_init                
000036c9  __TI_auto_init_nobinit_nopinit
00003705  __muldsi3                     
00003741  SYSCFG_DL_TIMER_0_init        
00003779  sprintf                       
000037b1  __TI_cleanup                  
000037e5  __TI_readmsg                  
00003819  __TI_writemsg                 
00003845  C$$IO$$                       
0000384d  exit                          
00003881  finddevice                    
000038e5  __aeabi_i2d                   
000038e5  __floatsidf                   
00003911  unlink                        
00003965  lseek                         
0000398d  write                         
000039b5  _c_int00_noargs               
000039dd  strspn                        
00003a05  SYSCFG_DL_GPIO_init           
00003a29  USART_Init                    
00003a4d  __aeabi_lmul                  
00003a4d  __muldi3                      
00003a71  puts                          
00003a95  strcspn                       
00003ab9  memccpy                       
00003add  UART1_IRQHandler              
00003afd  fputc                         
00003b1d  __aeabi_llsl                  
00003b1d  __ashldi3                     
00003b3d  DL_Timer_setClockConfig       
00003b59  SYSCFG_DL_SYSTICK_init        
00003b75  TIMA0_IRQHandler              
00003bc5  __aeabi_uldivmod              
00003bed  DL_UART_setClockConfig        
00003bff  __TI_decompress_none          
00003c11  wcslen                        
00003c21  __TI_zero_init                
00003c41  __aeabi_memset                
00003c41  __aeabi_memset4               
00003c41  __aeabi_memset8               
00003c79  __aeabi_memclr                
00003c79  __aeabi_memclr4               
00003c79  __aeabi_memclr8               
00003c85  malloc                        
00003c91  DL_Common_delayCycles         
00003cc9  __aeabi_errno_addr            
00003cd1  __aeabi_memcpy                
00003cd1  __aeabi_memcpy4               
00003cd1  __aeabi_memcpy8               
00003ce9  fseek                         
00003cf1  remove                        
00003cf9  Reset_Handler                 
00003cfd  _system_pre_init              
00003d00  C$$EXIT                       
00003d01  abort                         
00003d10  __aeabi_ctype_table_          
00003d10  __aeabi_ctype_table_C         
000040a8  __TI_Handler_Table_Base       
000040b4  __TI_Handler_Table_Limit      
000040bc  __TI_CINIT_Base               
000040cc  __TI_CINIT_Limit              
000040cc  __TI_CINIT_Warm               
20200000  __start___llvm_prf_bits       
20200000  __start___llvm_prf_cnts       
20200000  __stop___llvm_prf_bits        
20200000  __stop___llvm_prf_cnts        
20200000  _sys_memory                   
20200800  _CIOBUF_                      
20200800  __CIOBUF_                     
20200a20  g_recv_buff                   
20200b20  g_recv_buff_deal              
20200c20  gTIMER_0Backup                
20200cdc  __TI_tmpnams                  
20200d7c  rx_buffer                     
20200dae  send_buff                     
20200de0  gUART_3Backup                 
20200e10  Encoder_Now                   
20200e20  Encoder_Offset                
20200e30  g_Speed                       
20200e40  parmbuf                       
20200e4c  g_recv_flag                   
20200e50  _ftable                       
20200f40  recv0_buff                    
20200fc0  _device                       
20201038  _stream                       
20201088  __TI_cleanup_ptr              
2020108c  __TI_dtors_ptr                
20201090  __TI_ft_end                   
20201094  __aeabi_errno                 
20201098  _lock                         
2020109c  _unlock                       
202010a4  left_speed                    
202010a8  right_speed                   
202010ae  recv0_length                  
202010b1  recv0_flag                    
202010b2  rx_complete                   
202010b3  rx_index                      
202010b5  times                         
20207e00  __stack                       
20208000  __STACK_END                   
ffffffff  __TI_pprof_out_hndl           
ffffffff  __TI_prof_data_size           
ffffffff  __TI_prof_data_start          
ffffffff  __binit__                     
ffffffff  binit                         
UNDEFED   __mpu_init                    
UNDEFED   _system_post_cinit            

[233 symbols]
